<?xml version="1.0" encoding="ISO-8859-1" ?>
<link_info>
   <banner>MSP430 Linker PC v21.6.0.LTS</banner>
   <copyright>Copyright (c) 2003-2018 Texas Instruments Incorporated</copyright>
   <link_time>0x641e69ec</link_time>
   <link_errors>0x0</link_errors>
   <output_file>project09_2023_4618.out</output_file>
   <entry_point>
      <name>_c_int00_noargs</name>
      <address>0x3100</address>
   </entry_point>
   <input_file_list>
      <input_file id="fl-2">
         <path>.\</path>
         <kind>object</kind>
         <file>lab09_P1.obj</file>
         <name>lab09_P1.obj</name>
      </input_file>
      <input_file id="fl-7">
         <kind>object</kind>
         <file>&lt;internal&gt;</file>
         <name>&lt;internal&gt;</name>
      </input_file>
      <input_file id="fl-1d">
         <path>C:\ti\ccs1200\ccs\tools\compiler\ti-cgt-msp430_21.6.0.LTS\lib\</path>
         <kind>archive</kind>
         <file>rts430x_lc_rd_eabi.lib</file>
         <name>div16s.asm.obj</name>
      </input_file>
      <input_file id="fl-1e">
         <path>C:\ti\ccs1200\ccs\tools\compiler\ti-cgt-msp430_21.6.0.LTS\lib\</path>
         <kind>archive</kind>
         <file>rts430x_lc_rd_eabi.lib</file>
         <name>div16u.asm.obj</name>
      </input_file>
      <input_file id="fl-1f">
         <path>C:\ti\ccs1200\ccs\tools\compiler\ti-cgt-msp430_21.6.0.LTS\lib\</path>
         <kind>archive</kind>
         <file>rts430x_lc_rd_eabi.lib</file>
         <name>int14.asm.obj</name>
      </input_file>
      <input_file id="fl-20">
         <path>C:\ti\ccs1200\ccs\tools\compiler\ti-cgt-msp430_21.6.0.LTS\lib\</path>
         <kind>archive</kind>
         <file>rts430x_lc_rd_eabi.lib</file>
         <name>int15.asm.obj</name>
      </input_file>
      <input_file id="fl-21">
         <path>C:\ti\ccs1200\ccs\tools\compiler\ti-cgt-msp430_21.6.0.LTS\lib\</path>
         <kind>archive</kind>
         <file>rts430x_lc_rd_eabi.lib</file>
         <name>int16.asm.obj</name>
      </input_file>
      <input_file id="fl-22">
         <path>C:\ti\ccs1200\ccs\tools\compiler\ti-cgt-msp430_21.6.0.LTS\lib\</path>
         <kind>archive</kind>
         <file>rts430x_lc_rd_eabi.lib</file>
         <name>int17.asm.obj</name>
      </input_file>
      <input_file id="fl-23">
         <path>C:\ti\ccs1200\ccs\tools\compiler\ti-cgt-msp430_21.6.0.LTS\lib\</path>
         <kind>archive</kind>
         <file>rts430x_lc_rd_eabi.lib</file>
         <name>int18.asm.obj</name>
      </input_file>
      <input_file id="fl-24">
         <path>C:\ti\ccs1200\ccs\tools\compiler\ti-cgt-msp430_21.6.0.LTS\lib\</path>
         <kind>archive</kind>
         <file>rts430x_lc_rd_eabi.lib</file>
         <name>int19.asm.obj</name>
      </input_file>
      <input_file id="fl-25">
         <path>C:\ti\ccs1200\ccs\tools\compiler\ti-cgt-msp430_21.6.0.LTS\lib\</path>
         <kind>archive</kind>
         <file>rts430x_lc_rd_eabi.lib</file>
         <name>int20.asm.obj</name>
      </input_file>
      <input_file id="fl-26">
         <path>C:\ti\ccs1200\ccs\tools\compiler\ti-cgt-msp430_21.6.0.LTS\lib\</path>
         <kind>archive</kind>
         <file>rts430x_lc_rd_eabi.lib</file>
         <name>int21.asm.obj</name>
      </input_file>
      <input_file id="fl-27">
         <path>C:\ti\ccs1200\ccs\tools\compiler\ti-cgt-msp430_21.6.0.LTS\lib\</path>
         <kind>archive</kind>
         <file>rts430x_lc_rd_eabi.lib</file>
         <name>int22.asm.obj</name>
      </input_file>
      <input_file id="fl-28">
         <path>C:\ti\ccs1200\ccs\tools\compiler\ti-cgt-msp430_21.6.0.LTS\lib\</path>
         <kind>archive</kind>
         <file>rts430x_lc_rd_eabi.lib</file>
         <name>int23.asm.obj</name>
      </input_file>
      <input_file id="fl-29">
         <path>C:\ti\ccs1200\ccs\tools\compiler\ti-cgt-msp430_21.6.0.LTS\lib\</path>
         <kind>archive</kind>
         <file>rts430x_lc_rd_eabi.lib</file>
         <name>int24.asm.obj</name>
      </input_file>
      <input_file id="fl-2a">
         <path>C:\ti\ccs1200\ccs\tools\compiler\ti-cgt-msp430_21.6.0.LTS\lib\</path>
         <kind>archive</kind>
         <file>rts430x_lc_rd_eabi.lib</file>
         <name>int25.asm.obj</name>
      </input_file>
      <input_file id="fl-2b">
         <path>C:\ti\ccs1200\ccs\tools\compiler\ti-cgt-msp430_21.6.0.LTS\lib\</path>
         <kind>archive</kind>
         <file>rts430x_lc_rd_eabi.lib</file>
         <name>int26.asm.obj</name>
      </input_file>
      <input_file id="fl-2c">
         <path>C:\ti\ccs1200\ccs\tools\compiler\ti-cgt-msp430_21.6.0.LTS\lib\</path>
         <kind>archive</kind>
         <file>rts430x_lc_rd_eabi.lib</file>
         <name>int27.asm.obj</name>
      </input_file>
      <input_file id="fl-2d">
         <path>C:\ti\ccs1200\ccs\tools\compiler\ti-cgt-msp430_21.6.0.LTS\lib\</path>
         <kind>archive</kind>
         <file>rts430x_lc_rd_eabi.lib</file>
         <name>int28.asm.obj</name>
      </input_file>
      <input_file id="fl-2e">
         <path>C:\ti\ccs1200\ccs\tools\compiler\ti-cgt-msp430_21.6.0.LTS\lib\</path>
         <kind>archive</kind>
         <file>rts430x_lc_rd_eabi.lib</file>
         <name>int29.asm.obj</name>
      </input_file>
      <input_file id="fl-2f">
         <path>C:\ti\ccs1200\ccs\tools\compiler\ti-cgt-msp430_21.6.0.LTS\lib\</path>
         <kind>archive</kind>
         <file>rts430x_lc_rd_eabi.lib</file>
         <name>int30.asm.obj</name>
      </input_file>
      <input_file id="fl-30">
         <path>C:\ti\ccs1200\ccs\tools\compiler\ti-cgt-msp430_21.6.0.LTS\lib\</path>
         <kind>archive</kind>
         <file>rts430x_lc_rd_eabi.lib</file>
         <name>isr_trap.asm.obj</name>
      </input_file>
      <input_file id="fl-31">
         <path>C:\ti\ccs1200\ccs\tools\compiler\ti-cgt-msp430_21.6.0.LTS\lib\</path>
         <kind>archive</kind>
         <file>rts430x_lc_rd_eabi.lib</file>
         <name>mult16_hw.asm.obj</name>
      </input_file>
      <input_file id="fl-32">
         <path>C:\ti\ccs1200\ccs\tools\compiler\ti-cgt-msp430_21.6.0.LTS\lib\</path>
         <kind>archive</kind>
         <file>rts430x_lc_rd_eabi.lib</file>
         <name>mult1632_hw.asm.obj</name>
      </input_file>
      <input_file id="fl-33">
         <path>C:\ti\ccs1200\ccs\tools\compiler\ti-cgt-msp430_21.6.0.LTS\lib\</path>
         <kind>archive</kind>
         <file>rts430x_lc_rd_eabi.lib</file>
         <name>mult32_hw.asm.obj</name>
      </input_file>
      <input_file id="fl-34">
         <path>C:\ti\ccs1200\ccs\tools\compiler\ti-cgt-msp430_21.6.0.LTS\lib\</path>
         <kind>archive</kind>
         <file>rts430x_lc_rd_eabi.lib</file>
         <name>mult3264_hw.asm.obj</name>
      </input_file>
      <input_file id="fl-35">
         <path>C:\ti\ccs1200\ccs\tools\compiler\ti-cgt-msp430_21.6.0.LTS\lib\</path>
         <kind>archive</kind>
         <file>rts430x_lc_rd_eabi.lib</file>
         <name>mult64_hw.asm.obj</name>
      </input_file>
      <input_file id="fl-36">
         <path>C:\ti\ccs1200\ccs\tools\compiler\ti-cgt-msp430_21.6.0.LTS\lib\</path>
         <kind>archive</kind>
         <file>rts430x_lc_rd_eabi.lib</file>
         <name>boot.c.obj</name>
      </input_file>
      <input_file id="fl-37">
         <path>C:\ti\ccs1200\ccs\tools\compiler\ti-cgt-msp430_21.6.0.LTS\lib\</path>
         <kind>archive</kind>
         <file>rts430x_lc_rd_eabi.lib</file>
         <name>autoinit.c.obj</name>
      </input_file>
      <input_file id="fl-38">
         <path>C:\ti\ccs1200\ccs\tools\compiler\ti-cgt-msp430_21.6.0.LTS\lib\</path>
         <kind>archive</kind>
         <file>rts430x_lc_rd_eabi.lib</file>
         <name>copy_zero_init.c.obj</name>
      </input_file>
      <input_file id="fl-39">
         <path>C:\ti\ccs1200\ccs\tools\compiler\ti-cgt-msp430_21.6.0.LTS\lib\</path>
         <kind>archive</kind>
         <file>rts430x_lc_rd_eabi.lib</file>
         <name>cpy_tbl.c.obj</name>
      </input_file>
      <input_file id="fl-3a">
         <path>C:\ti\ccs1200\ccs\tools\compiler\ti-cgt-msp430_21.6.0.LTS\lib\</path>
         <kind>archive</kind>
         <file>rts430x_lc_rd_eabi.lib</file>
         <name>mpu_init.c.obj</name>
      </input_file>
      <input_file id="fl-3b">
         <path>C:\ti\ccs1200\ccs\tools\compiler\ti-cgt-msp430_21.6.0.LTS\lib\</path>
         <kind>archive</kind>
         <file>rts430x_lc_rd_eabi.lib</file>
         <name>pre_init.c.obj</name>
      </input_file>
      <input_file id="fl-3c">
         <path>C:\ti\ccs1200\ccs\tools\compiler\ti-cgt-msp430_21.6.0.LTS\lib\</path>
         <kind>archive</kind>
         <file>rts430x_lc_rd_eabi.lib</file>
         <name>startup.c.obj</name>
      </input_file>
      <input_file id="fl-3d">
         <path>C:\ti\ccs1200\ccs\tools\compiler\ti-cgt-msp430_21.6.0.LTS\lib\</path>
         <kind>archive</kind>
         <file>rts430x_lc_rd_eabi.lib</file>
         <name>copy_decompress_none.c.obj</name>
      </input_file>
      <input_file id="fl-3e">
         <path>C:\ti\ccs1200\ccs\tools\compiler\ti-cgt-msp430_21.6.0.LTS\lib\</path>
         <kind>archive</kind>
         <file>rts430x_lc_rd_eabi.lib</file>
         <name>copy_decompress_lzss.c.obj</name>
      </input_file>
      <input_file id="fl-3f">
         <path>C:\ti\ccs1200\ccs\tools\compiler\ti-cgt-msp430_21.6.0.LTS\lib\</path>
         <kind>archive</kind>
         <file>rts430x_lc_rd_eabi.lib</file>
         <name>exit.c.obj</name>
      </input_file>
      <input_file id="fl-40">
         <path>C:\ti\ccs1200\ccs\tools\compiler\ti-cgt-msp430_21.6.0.LTS\lib\</path>
         <kind>archive</kind>
         <file>rts430x_lc_rd_eabi.lib</file>
         <name>_lock.c.obj</name>
      </input_file>
      <input_file id="fl-41">
         <path>C:\ti\ccs1200\ccs\tools\compiler\ti-cgt-msp430_21.6.0.LTS\lib\</path>
         <kind>archive</kind>
         <file>rts430x_lc_rd_eabi.lib</file>
         <name>args_main.c.obj</name>
      </input_file>
      <input_file id="fl-42">
         <path>C:\ti\ccs1200\ccs\tools\compiler\ti-cgt-msp430_21.6.0.LTS\lib\</path>
         <kind>archive</kind>
         <file>rts430x_lc_rd_eabi.lib</file>
         <name>atoi.c.obj</name>
      </input_file>
      <input_file id="fl-43">
         <path>C:\ti\ccs1200\ccs\tools\compiler\ti-cgt-msp430_21.6.0.LTS\lib\</path>
         <kind>archive</kind>
         <file>rts430x_lc_rd_eabi.lib</file>
         <name>ctype.c.obj</name>
      </input_file>
      <input_file id="fl-44">
         <path>C:\ti\ccs1200\ccs\tools\compiler\ti-cgt-msp430_21.6.0.LTS\lib\</path>
         <kind>archive</kind>
         <file>rts430x_lc_rd_eabi.lib</file>
         <name>memcpy.c.obj</name>
      </input_file>
      <input_file id="fl-45">
         <path>C:\ti\ccs1200\ccs\tools\compiler\ti-cgt-msp430_21.6.0.LTS\lib\</path>
         <kind>archive</kind>
         <file>rts430x_lc_rd_eabi.lib</file>
         <name>strcmp.c.obj</name>
      </input_file>
      <input_file id="fl-46">
         <path>C:\ti\ccs1200\ccs\tools\compiler\ti-cgt-msp430_21.6.0.LTS\lib\</path>
         <kind>archive</kind>
         <file>rts430x_lc_rd_eabi.lib</file>
         <name>mult16.asm.obj</name>
      </input_file>
      <input_file id="fl-47">
         <path>C:\ti\ccs1200\ccs\tools\compiler\ti-cgt-msp430_21.6.0.LTS\lib\</path>
         <kind>archive</kind>
         <file>rts430x_lc_rd_eabi.lib</file>
         <name>exit_gvars.c.obj</name>
      </input_file>
   </input_file_list>
   <object_component_list>
      <object_component id="oc-21a">
         <name>.common:pause</name>
         <uninitialized>true</uninitialized>
         <run_address>0x1100</run_address>
         <size>0x4</size>
      </object_component>
      <object_component id="oc-229">
         <name>.data</name>
         <load_address>0x1104</load_address>
         <run_address>0x1104</run_address>
         <size>0x1</size>
         <input_file_ref idref="fl-2"/>
      </object_component>
      <object_component id="oc-15c">
         <name>.stack</name>
         <uninitialized>true</uninitialized>
         <run_address>0x30b0</run_address>
         <size>0x4</size>
         <input_file_ref idref="fl-36"/>
      </object_component>
      <object_component id="oc-386">
         <name>.stack</name>
         <uninitialized>true</uninitialized>
         <run_address>0x30b0</run_address>
         <size>0x0</size>
      </object_component>
      <object_component id="oc-1d9">
         <name>.text:main</name>
         <load_address>0x10000</load_address>
         <run_address>0x10000</run_address>
         <size>0x166</size>
         <input_file_ref idref="fl-2"/>
      </object_component>
      <object_component id="oc-21d">
         <name>.text:UART_getLine</name>
         <load_address>0x10166</load_address>
         <run_address>0x10166</run_address>
         <size>0xea</size>
         <input_file_ref idref="fl-2"/>
      </object_component>
      <object_component id="oc-47">
         <name>.text:decompress:lzss:__TI_decompress_lzss</name>
         <load_address>0x10250</load_address>
         <run_address>0x10250</run_address>
         <size>0x76</size>
         <input_file_ref idref="fl-3e"/>
      </object_component>
      <object_component id="oc-23d">
         <name>.text:atoi</name>
         <load_address>0x102c6</load_address>
         <run_address>0x102c6</run_address>
         <size>0x62</size>
         <input_file_ref idref="fl-42"/>
      </object_component>
      <object_component id="oc-268">
         <name>.text:__TI_auto_init_nobinit_nopinit_hold_wdt:__TI_auto_init_nobinit_nopinit_hold_wdt</name>
         <load_address>0x10328</load_address>
         <run_address>0x10328</run_address>
         <size>0x54</size>
         <input_file_ref idref="fl-37"/>
      </object_component>
      <object_component id="oc-214">
         <name>.text:UART_sendString</name>
         <load_address>0x1037c</load_address>
         <run_address>0x1037c</run_address>
         <size>0x40</size>
         <input_file_ref idref="fl-2"/>
      </object_component>
      <object_component id="oc-238">
         <name>.text</name>
         <load_address>0x103bc</load_address>
         <run_address>0x103bc</run_address>
         <size>0x2c</size>
         <input_file_ref idref="fl-1d"/>
      </object_component>
      <object_component id="oc-201">
         <name>.text:UART_setup</name>
         <load_address>0x103e8</load_address>
         <run_address>0x103e8</run_address>
         <size>0x28</size>
         <input_file_ref idref="fl-2"/>
      </object_component>
      <object_component id="oc-17d">
         <name>.text:decompress:ZI:__TI_zero_init_nomemset:__TI_zero_init_nomemset</name>
         <load_address>0x10410</load_address>
         <run_address>0x10410</run_address>
         <size>0x24</size>
         <input_file_ref idref="fl-38"/>
      </object_component>
      <object_component id="oc-207">
         <name>.text:SPI_setup</name>
         <load_address>0x10434</load_address>
         <run_address>0x10434</run_address>
         <size>0x20</size>
         <input_file_ref idref="fl-2"/>
      </object_component>
      <object_component id="oc-22c">
         <name>.text:SPI_setState</name>
         <load_address>0x10454</load_address>
         <run_address>0x10454</run_address>
         <size>0x1e</size>
         <input_file_ref idref="fl-2"/>
      </object_component>
      <object_component id="oc-20d">
         <name>.text:DMA_setup</name>
         <load_address>0x10472</load_address>
         <run_address>0x10472</run_address>
         <size>0x1c</size>
         <input_file_ref idref="fl-2"/>
      </object_component>
      <object_component id="oc-223">
         <name>.text:strcmp</name>
         <load_address>0x1048e</load_address>
         <run_address>0x1048e</run_address>
         <size>0x1c</size>
         <input_file_ref idref="fl-45"/>
      </object_component>
      <object_component id="oc-232">
         <name>.text:SPI_getState</name>
         <load_address>0x104aa</load_address>
         <run_address>0x104aa</run_address>
         <size>0x1a</size>
         <input_file_ref idref="fl-2"/>
      </object_component>
      <object_component id="oc-2b1">
         <name>.text</name>
         <load_address>0x104c4</load_address>
         <run_address>0x104c4</run_address>
         <size>0x18</size>
         <input_file_ref idref="fl-31"/>
      </object_component>
      <object_component id="oc-2ab">
         <name>.text</name>
         <load_address>0x104dc</load_address>
         <run_address>0x104dc</run_address>
         <size>0x16</size>
         <input_file_ref idref="fl-1e"/>
      </object_component>
      <object_component id="oc-286">
         <name>.text:UART_sendCharacter</name>
         <load_address>0x104f2</load_address>
         <run_address>0x104f2</run_address>
         <size>0x14</size>
         <input_file_ref idref="fl-2"/>
      </object_component>
      <object_component id="oc-16b">
         <name>.text:memcpy</name>
         <load_address>0x10506</load_address>
         <run_address>0x10506</run_address>
         <size>0x14</size>
         <input_file_ref idref="fl-44"/>
      </object_component>
      <object_component id="oc-4d">
         <name>.text:decompress:none:__TI_decompress_none</name>
         <load_address>0x1051a</load_address>
         <run_address>0x1051a</run_address>
         <size>0x12</size>
         <input_file_ref idref="fl-3d"/>
      </object_component>
      <object_component id="oc-29e">
         <name>.text:UART_getCharacter</name>
         <load_address>0x1052c</load_address>
         <run_address>0x1052c</run_address>
         <size>0xc</size>
         <input_file_ref idref="fl-2"/>
      </object_component>
      <object_component id="oc-244">
         <name>.text:abort</name>
         <load_address>0x10538</load_address>
         <run_address>0x10538</run_address>
         <size>0x6</size>
         <input_file_ref idref="fl-3f"/>
      </object_component>
      <object_component id="oc-1d3">
         <name>.text:_system_pre_init</name>
         <load_address>0x1053e</load_address>
         <run_address>0x1053e</run_address>
         <size>0x4</size>
         <input_file_ref idref="fl-3b"/>
      </object_component>
      <object_component id="oc-2cd">
         <name>.text:_system_post_cinit</name>
         <load_address>0x10542</load_address>
         <run_address>0x10542</run_address>
         <size>0x2</size>
         <input_file_ref idref="fl-3c"/>
      </object_component>
      <object_component id="oc-18f">
         <name>.text:_isr:_c_int00_noargs</name>
         <load_address>0x3100</load_address>
         <run_address>0x3100</run_address>
         <size>0x1c</size>
         <input_file_ref idref="fl-36"/>
      </object_component>
      <object_component id="oc-178">
         <name>.text:_isr:__TI_ISR_TRAP</name>
         <load_address>0x311c</load_address>
         <run_address>0x311c</run_address>
         <size>0x8</size>
         <input_file_ref idref="fl-30"/>
      </object_component>
      <object_component id="oc-382">
         <name>__TI_handler_table</name>
         <load_address>0x326a</load_address>
         <run_address>0x326a</run_address>
         <size>0xc</size>
      </object_component>
      <object_component id="oc-384">
         <name>.cinit..bss.load</name>
         <load_address>0x3276</load_address>
         <run_address>0x3276</run_address>
         <size>0x6</size>
      </object_component>
      <object_component id="oc-385">
         <name>.cinit..data.load</name>
         <load_address>0x327c</load_address>
         <run_address>0x327c</run_address>
         <size>0x5</size>
      </object_component>
      <object_component id="oc-383">
         <name>__TI_cinit_table</name>
         <load_address>0x3282</load_address>
         <run_address>0x3282</run_address>
         <size>0x10</size>
      </object_component>
      <object_component id="oc-2b6">
         <name>.const:.string:_ctypes_</name>
         <load_address>0x3124</load_address>
         <run_address>0x3124</run_address>
         <size>0x101</size>
         <input_file_ref idref="fl-43"/>
      </object_component>
      <object_component id="oc-213">
         <name>.const:.string</name>
         <load_address>0x3226</load_address>
         <run_address>0x3226</run_address>
         <size>0x44</size>
         <input_file_ref idref="fl-2"/>
      </object_component>
      <object_component id="oc-335">
         <name>.binit</name>
         <load_address>0x3100</load_address>
         <run_address>0x3100</run_address>
         <size>0x0</size>
      </object_component>
      <object_component id="oc-53">
         <name>.int14</name>
         <load_address>0xffdc</load_address>
         <run_address>0xffdc</run_address>
         <size>0x2</size>
         <input_file_ref idref="fl-1f"/>
      </object_component>
      <object_component id="oc-54">
         <name>.int15</name>
         <load_address>0xffde</load_address>
         <run_address>0xffde</run_address>
         <size>0x2</size>
         <input_file_ref idref="fl-20"/>
      </object_component>
      <object_component id="oc-55">
         <name>.int16</name>
         <load_address>0xffe0</load_address>
         <run_address>0xffe0</run_address>
         <size>0x2</size>
         <input_file_ref idref="fl-21"/>
      </object_component>
      <object_component id="oc-56">
         <name>.int17</name>
         <load_address>0xffe2</load_address>
         <run_address>0xffe2</run_address>
         <size>0x2</size>
         <input_file_ref idref="fl-22"/>
      </object_component>
      <object_component id="oc-57">
         <name>.int18</name>
         <load_address>0xffe4</load_address>
         <run_address>0xffe4</run_address>
         <size>0x2</size>
         <input_file_ref idref="fl-23"/>
      </object_component>
      <object_component id="oc-58">
         <name>.int19</name>
         <load_address>0xffe6</load_address>
         <run_address>0xffe6</run_address>
         <size>0x2</size>
         <input_file_ref idref="fl-24"/>
      </object_component>
      <object_component id="oc-59">
         <name>.int20</name>
         <load_address>0xffe8</load_address>
         <run_address>0xffe8</run_address>
         <size>0x2</size>
         <input_file_ref idref="fl-25"/>
      </object_component>
      <object_component id="oc-5a">
         <name>.int21</name>
         <load_address>0xffea</load_address>
         <run_address>0xffea</run_address>
         <size>0x2</size>
         <input_file_ref idref="fl-26"/>
      </object_component>
      <object_component id="oc-5b">
         <name>.int22</name>
         <load_address>0xffec</load_address>
         <run_address>0xffec</run_address>
         <size>0x2</size>
         <input_file_ref idref="fl-27"/>
      </object_component>
      <object_component id="oc-5c">
         <name>.int23</name>
         <load_address>0xffee</load_address>
         <run_address>0xffee</run_address>
         <size>0x2</size>
         <input_file_ref idref="fl-28"/>
      </object_component>
      <object_component id="oc-5d">
         <name>.int24</name>
         <load_address>0xfff0</load_address>
         <run_address>0xfff0</run_address>
         <size>0x2</size>
         <input_file_ref idref="fl-29"/>
      </object_component>
      <object_component id="oc-5e">
         <name>.int25</name>
         <load_address>0xfff2</load_address>
         <run_address>0xfff2</run_address>
         <size>0x2</size>
         <input_file_ref idref="fl-2a"/>
      </object_component>
      <object_component id="oc-5f">
         <name>.int26</name>
         <load_address>0xfff4</load_address>
         <run_address>0xfff4</run_address>
         <size>0x2</size>
         <input_file_ref idref="fl-2b"/>
      </object_component>
      <object_component id="oc-60">
         <name>.int27</name>
         <load_address>0xfff6</load_address>
         <run_address>0xfff6</run_address>
         <size>0x2</size>
         <input_file_ref idref="fl-2c"/>
      </object_component>
      <object_component id="oc-61">
         <name>.int28</name>
         <load_address>0xfff8</load_address>
         <run_address>0xfff8</run_address>
         <size>0x2</size>
         <input_file_ref idref="fl-2d"/>
      </object_component>
      <object_component id="oc-62">
         <name>.int29</name>
         <load_address>0xfffa</load_address>
         <run_address>0xfffa</run_address>
         <size>0x2</size>
         <input_file_ref idref="fl-2e"/>
      </object_component>
      <object_component id="oc-63">
         <name>.int30</name>
         <load_address>0xfffc</load_address>
         <run_address>0xfffc</run_address>
         <size>0x2</size>
         <input_file_ref idref="fl-2f"/>
      </object_component>
      <object_component id="oc-15f">
         <name>.reset</name>
         <load_address>0xfffe</load_address>
         <run_address>0xfffe</run_address>
         <size>0x2</size>
         <input_file_ref idref="fl-36"/>
      </object_component>
      <object_component id="oc-21b">
         <name>.debug_info</name>
         <load_address>0x0</load_address>
         <run_address>0x0</run_address>
         <size>0x497</size>
         <input_file_ref idref="fl-2"/>
      </object_component>
      <object_component id="oc-22a">
         <name>.debug_info</name>
         <load_address>0x497</load_address>
         <run_address>0x497</run_address>
         <size>0xce</size>
         <input_file_ref idref="fl-2"/>
      </object_component>
      <object_component id="oc-208">
         <name>.debug_info</name>
         <load_address>0x565</load_address>
         <run_address>0x565</run_address>
         <size>0x110</size>
         <input_file_ref idref="fl-2"/>
      </object_component>
      <object_component id="oc-233">
         <name>.debug_info</name>
         <load_address>0x675</load_address>
         <run_address>0x675</run_address>
         <size>0x11a</size>
         <input_file_ref idref="fl-2"/>
      </object_component>
      <object_component id="oc-22d">
         <name>.debug_info</name>
         <load_address>0x78f</load_address>
         <run_address>0x78f</run_address>
         <size>0x13d</size>
         <input_file_ref idref="fl-2"/>
      </object_component>
      <object_component id="oc-202">
         <name>.debug_info</name>
         <load_address>0x8cc</load_address>
         <run_address>0x8cc</run_address>
         <size>0x112</size>
         <input_file_ref idref="fl-2"/>
      </object_component>
      <object_component id="oc-287">
         <name>.debug_info</name>
         <load_address>0x9de</load_address>
         <run_address>0x9de</run_address>
         <size>0x139</size>
         <input_file_ref idref="fl-2"/>
      </object_component>
      <object_component id="oc-29f">
         <name>.debug_info</name>
         <load_address>0xb17</load_address>
         <run_address>0xb17</run_address>
         <size>0x124</size>
         <input_file_ref idref="fl-2"/>
      </object_component>
      <object_component id="oc-215">
         <name>.debug_info</name>
         <load_address>0xc3b</load_address>
         <run_address>0xc3b</run_address>
         <size>0x160</size>
         <input_file_ref idref="fl-2"/>
      </object_component>
      <object_component id="oc-20e">
         <name>.debug_info</name>
         <load_address>0xd9b</load_address>
         <run_address>0xd9b</run_address>
         <size>0x110</size>
         <input_file_ref idref="fl-2"/>
      </object_component>
      <object_component id="oc-21e">
         <name>.debug_info</name>
         <load_address>0xeab</load_address>
         <run_address>0xeab</run_address>
         <size>0x216</size>
         <input_file_ref idref="fl-2"/>
      </object_component>
      <object_component id="oc-1da">
         <name>.debug_info</name>
         <load_address>0x10c1</load_address>
         <run_address>0x10c1</run_address>
         <size>0x2df</size>
         <input_file_ref idref="fl-2"/>
      </object_component>
      <object_component id="oc-28f">
         <name>.debug_info</name>
         <load_address>0x13a0</load_address>
         <run_address>0x13a0</run_address>
         <size>0x26b</size>
         <input_file_ref idref="fl-2"/>
      </object_component>
      <object_component id="oc-166">
         <name>.debug_info</name>
         <load_address>0x160b</load_address>
         <run_address>0x160b</run_address>
         <size>0x84</size>
         <input_file_ref idref="fl-2"/>
      </object_component>
      <object_component id="oc-299">
         <name>.debug_info</name>
         <load_address>0x168f</load_address>
         <run_address>0x168f</run_address>
         <size>0x2c</size>
         <input_file_ref idref="fl-2"/>
      </object_component>
      <object_component id="oc-2ef">
         <name>.debug_info</name>
         <load_address>0x16bb</load_address>
         <run_address>0x16bb</run_address>
         <size>0x282</size>
         <input_file_ref idref="fl-2"/>
      </object_component>
      <object_component id="oc-294">
         <name>.debug_info</name>
         <load_address>0x193d</load_address>
         <run_address>0x193d</run_address>
         <size>0x35</size>
         <input_file_ref idref="fl-2"/>
      </object_component>
      <object_component id="oc-23b">
         <name>.debug_info</name>
         <load_address>0x1972</load_address>
         <run_address>0x1972</run_address>
         <size>0x135</size>
         <input_file_ref idref="fl-1d"/>
      </object_component>
      <object_component id="oc-2ac">
         <name>.debug_info</name>
         <load_address>0x1aa7</load_address>
         <run_address>0x1aa7</run_address>
         <size>0x121</size>
         <input_file_ref idref="fl-1e"/>
      </object_component>
      <object_component id="oc-17b">
         <name>.debug_info</name>
         <load_address>0x1bc8</load_address>
         <run_address>0x1bc8</run_address>
         <size>0x10f</size>
         <input_file_ref idref="fl-30"/>
      </object_component>
      <object_component id="oc-2b2">
         <name>.debug_info</name>
         <load_address>0x1cd7</load_address>
         <run_address>0x1cd7</run_address>
         <size>0x12a</size>
         <input_file_ref idref="fl-31"/>
      </object_component>
      <object_component id="oc-15d">
         <name>.debug_info</name>
         <load_address>0x1e01</load_address>
         <run_address>0x1e01</run_address>
         <size>0x100</size>
         <input_file_ref idref="fl-36"/>
      </object_component>
      <object_component id="oc-190">
         <name>.debug_info</name>
         <load_address>0x1f01</load_address>
         <run_address>0x1f01</run_address>
         <size>0x17a</size>
         <input_file_ref idref="fl-36"/>
      </object_component>
      <object_component id="oc-2d4">
         <name>.debug_info</name>
         <load_address>0x207b</load_address>
         <run_address>0x207b</run_address>
         <size>0x3fc</size>
         <input_file_ref idref="fl-37"/>
      </object_component>
      <object_component id="oc-269">
         <name>.debug_info</name>
         <load_address>0x2477</load_address>
         <run_address>0x2477</run_address>
         <size>0x230</size>
         <input_file_ref idref="fl-37"/>
      </object_component>
      <object_component id="oc-315">
         <name>.debug_info</name>
         <load_address>0x26a7</load_address>
         <run_address>0x26a7</run_address>
         <size>0x39</size>
         <input_file_ref idref="fl-37"/>
      </object_component>
      <object_component id="oc-321">
         <name>.debug_info</name>
         <load_address>0x26e0</load_address>
         <run_address>0x26e0</run_address>
         <size>0x2c</size>
         <input_file_ref idref="fl-37"/>
      </object_component>
      <object_component id="oc-2df">
         <name>.debug_info</name>
         <load_address>0x270c</load_address>
         <run_address>0x270c</run_address>
         <size>0x2c</size>
         <input_file_ref idref="fl-37"/>
      </object_component>
      <object_component id="oc-31a">
         <name>.debug_info</name>
         <load_address>0x2738</load_address>
         <run_address>0x2738</run_address>
         <size>0xcd</size>
         <input_file_ref idref="fl-37"/>
      </object_component>
      <object_component id="oc-1d1">
         <name>.debug_info</name>
         <load_address>0x2805</load_address>
         <run_address>0x2805</run_address>
         <size>0x17f</size>
         <input_file_ref idref="fl-38"/>
      </object_component>
      <object_component id="oc-180">
         <name>.debug_info</name>
         <load_address>0x2984</load_address>
         <run_address>0x2984</run_address>
         <size>0x1d7</size>
         <input_file_ref idref="fl-38"/>
      </object_component>
      <object_component id="oc-1cc">
         <name>.debug_info</name>
         <load_address>0x2b5b</load_address>
         <run_address>0x2b5b</run_address>
         <size>0x46</size>
         <input_file_ref idref="fl-38"/>
      </object_component>
      <object_component id="oc-1c3">
         <name>.debug_info</name>
         <load_address>0x2ba1</load_address>
         <run_address>0x2ba1</run_address>
         <size>0x2c</size>
         <input_file_ref idref="fl-39"/>
      </object_component>
      <object_component id="oc-1d4">
         <name>.debug_info</name>
         <load_address>0x2bcd</load_address>
         <run_address>0x2bcd</run_address>
         <size>0x153</size>
         <input_file_ref idref="fl-3b"/>
      </object_component>
      <object_component id="oc-2d1">
         <name>.debug_info</name>
         <load_address>0x2d20</load_address>
         <run_address>0x2d20</run_address>
         <size>0x150</size>
         <input_file_ref idref="fl-3c"/>
      </object_component>
      <object_component id="oc-177">
         <name>.debug_info</name>
         <load_address>0x2e70</load_address>
         <run_address>0x2e70</run_address>
         <size>0x18f</size>
         <input_file_ref idref="fl-3d"/>
      </object_component>
      <object_component id="oc-4f">
         <name>.debug_info</name>
         <load_address>0x2fff</load_address>
         <run_address>0x2fff</run_address>
         <size>0x1d3</size>
         <input_file_ref idref="fl-3d"/>
      </object_component>
      <object_component id="oc-172">
         <name>.debug_info</name>
         <load_address>0x31d2</load_address>
         <run_address>0x31d2</run_address>
         <size>0x46</size>
         <input_file_ref idref="fl-3d"/>
      </object_component>
      <object_component id="oc-1c0">
         <name>.debug_info</name>
         <load_address>0x3218</load_address>
         <run_address>0x3218</run_address>
         <size>0x17b</size>
         <input_file_ref idref="fl-3e"/>
      </object_component>
      <object_component id="oc-4a">
         <name>.debug_info</name>
         <load_address>0x3393</load_address>
         <run_address>0x3393</run_address>
         <size>0x250</size>
         <input_file_ref idref="fl-3e"/>
      </object_component>
      <object_component id="oc-161">
         <name>.debug_info</name>
         <load_address>0x35e3</load_address>
         <run_address>0x35e3</run_address>
         <size>0x60</size>
         <input_file_ref idref="fl-3e"/>
      </object_component>
      <object_component id="oc-1f5">
         <name>.debug_info</name>
         <load_address>0x3643</load_address>
         <run_address>0x3643</run_address>
         <size>0x46</size>
         <input_file_ref idref="fl-3e"/>
      </object_component>
      <object_component id="oc-1bb">
         <name>.debug_info</name>
         <load_address>0x3689</load_address>
         <run_address>0x3689</run_address>
         <size>0x39</size>
         <input_file_ref idref="fl-3e"/>
      </object_component>
      <object_component id="oc-247">
         <name>.debug_info</name>
         <load_address>0x36c2</load_address>
         <run_address>0x36c2</run_address>
         <size>0x122</size>
         <input_file_ref idref="fl-3f"/>
      </object_component>
      <object_component id="oc-2ba">
         <name>.debug_info</name>
         <load_address>0x37e4</load_address>
         <run_address>0x37e4</run_address>
         <size>0x19b</size>
         <input_file_ref idref="fl-42"/>
      </object_component>
      <object_component id="oc-241">
         <name>.debug_info</name>
         <load_address>0x397f</load_address>
         <run_address>0x397f</run_address>
         <size>0x190</size>
         <input_file_ref idref="fl-42"/>
      </object_component>
      <object_component id="oc-2fb">
         <name>.debug_info</name>
         <load_address>0x3b0f</load_address>
         <run_address>0x3b0f</run_address>
         <size>0xfe</size>
         <input_file_ref idref="fl-43"/>
      </object_component>
      <object_component id="oc-2b7">
         <name>.debug_info</name>
         <load_address>0x3c0d</load_address>
         <run_address>0x3c0d</run_address>
         <size>0x105</size>
         <input_file_ref idref="fl-43"/>
      </object_component>
      <object_component id="oc-1c2">
         <name>.debug_info</name>
         <load_address>0x3d12</load_address>
         <run_address>0x3d12</run_address>
         <size>0x19a</size>
         <input_file_ref idref="fl-44"/>
      </object_component>
      <object_component id="oc-16c">
         <name>.debug_info</name>
         <load_address>0x3eac</load_address>
         <run_address>0x3eac</run_address>
         <size>0x17a</size>
         <input_file_ref idref="fl-44"/>
      </object_component>
      <object_component id="oc-2a6">
         <name>.debug_info</name>
         <load_address>0x4026</load_address>
         <run_address>0x4026</run_address>
         <size>0x167</size>
         <input_file_ref idref="fl-45"/>
      </object_component>
      <object_component id="oc-224">
         <name>.debug_info</name>
         <load_address>0x418d</load_address>
         <run_address>0x418d</run_address>
         <size>0x273</size>
         <input_file_ref idref="fl-45"/>
      </object_component>
      <object_component id="oc-389">
         <name>.debug_info</name>
         <load_address>0x4400</load_address>
         <run_address>0x4400</run_address>
         <size>0xa7</size>
      </object_component>
      <object_component id="oc-28e">
         <name>.debug_line</name>
         <load_address>0x0</load_address>
         <run_address>0x0</run_address>
         <size>0x109</size>
         <input_file_ref idref="fl-2"/>
      </object_component>
      <object_component id="oc-2a8">
         <name>.debug_line</name>
         <load_address>0x109</load_address>
         <run_address>0x109</run_address>
         <size>0x31</size>
         <input_file_ref idref="fl-2"/>
      </object_component>
      <object_component id="oc-20b">
         <name>.debug_line</name>
         <load_address>0x13a</load_address>
         <run_address>0x13a</run_address>
         <size>0x49</size>
         <input_file_ref idref="fl-2"/>
      </object_component>
      <object_component id="oc-236">
         <name>.debug_line</name>
         <load_address>0x183</load_address>
         <run_address>0x183</run_address>
         <size>0x4d</size>
         <input_file_ref idref="fl-2"/>
      </object_component>
      <object_component id="oc-231">
         <name>.debug_line</name>
         <load_address>0x1d0</load_address>
         <run_address>0x1d0</run_address>
         <size>0x4a</size>
         <input_file_ref idref="fl-2"/>
      </object_component>
      <object_component id="oc-205">
         <name>.debug_line</name>
         <load_address>0x21a</load_address>
         <run_address>0x21a</run_address>
         <size>0x4b</size>
         <input_file_ref idref="fl-2"/>
      </object_component>
      <object_component id="oc-28b">
         <name>.debug_line</name>
         <load_address>0x265</load_address>
         <run_address>0x265</run_address>
         <size>0x4a</size>
         <input_file_ref idref="fl-2"/>
      </object_component>
      <object_component id="oc-2a3">
         <name>.debug_line</name>
         <load_address>0x2af</load_address>
         <run_address>0x2af</run_address>
         <size>0x4c</size>
         <input_file_ref idref="fl-2"/>
      </object_component>
      <object_component id="oc-218">
         <name>.debug_line</name>
         <load_address>0x2fb</load_address>
         <run_address>0x2fb</run_address>
         <size>0x51</size>
         <input_file_ref idref="fl-2"/>
      </object_component>
      <object_component id="oc-211">
         <name>.debug_line</name>
         <load_address>0x34c</load_address>
         <run_address>0x34c</run_address>
         <size>0x4a</size>
         <input_file_ref idref="fl-2"/>
      </object_component>
      <object_component id="oc-221">
         <name>.debug_line</name>
         <load_address>0x396</load_address>
         <run_address>0x396</run_address>
         <size>0x7e</size>
         <input_file_ref idref="fl-2"/>
      </object_component>
      <object_component id="oc-1de">
         <name>.debug_line</name>
         <load_address>0x414</load_address>
         <run_address>0x414</run_address>
         <size>0x85</size>
         <input_file_ref idref="fl-2"/>
      </object_component>
      <object_component id="oc-292">
         <name>.debug_line</name>
         <load_address>0x499</load_address>
         <run_address>0x499</run_address>
         <size>0x72</size>
         <input_file_ref idref="fl-2"/>
      </object_component>
      <object_component id="oc-169">
         <name>.debug_line</name>
         <load_address>0x50b</load_address>
         <run_address>0x50b</run_address>
         <size>0x20</size>
         <input_file_ref idref="fl-2"/>
      </object_component>
      <object_component id="oc-29c">
         <name>.debug_line</name>
         <load_address>0x52b</load_address>
         <run_address>0x52b</run_address>
         <size>0x5c</size>
         <input_file_ref idref="fl-2"/>
      </object_component>
      <object_component id="oc-2f2">
         <name>.debug_line</name>
         <load_address>0x587</load_address>
         <run_address>0x587</run_address>
         <size>0x76</size>
         <input_file_ref idref="fl-2"/>
      </object_component>
      <object_component id="oc-297">
         <name>.debug_line</name>
         <load_address>0x5fd</load_address>
         <run_address>0x5fd</run_address>
         <size>0x77</size>
         <input_file_ref idref="fl-2"/>
      </object_component>
      <object_component id="oc-239">
         <name>.debug_line</name>
         <load_address>0x674</load_address>
         <run_address>0x674</run_address>
         <size>0x4d</size>
         <input_file_ref idref="fl-1d"/>
      </object_component>
      <object_component id="oc-2af">
         <name>.debug_line</name>
         <load_address>0x6c1</load_address>
         <run_address>0x6c1</run_address>
         <size>0x43</size>
         <input_file_ref idref="fl-1e"/>
      </object_component>
      <object_component id="oc-179">
         <name>.debug_line</name>
         <load_address>0x704</load_address>
         <run_address>0x704</run_address>
         <size>0x3d</size>
         <input_file_ref idref="fl-30"/>
      </object_component>
      <object_component id="oc-2b5">
         <name>.debug_line</name>
         <load_address>0x741</load_address>
         <run_address>0x741</run_address>
         <size>0x44</size>
         <input_file_ref idref="fl-31"/>
      </object_component>
      <object_component id="oc-1ba">
         <name>.debug_line</name>
         <load_address>0x785</load_address>
         <run_address>0x785</run_address>
         <size>0x2a</size>
         <input_file_ref idref="fl-36"/>
      </object_component>
      <object_component id="oc-193">
         <name>.debug_line</name>
         <load_address>0x7af</load_address>
         <run_address>0x7af</run_address>
         <size>0x46</size>
         <input_file_ref idref="fl-36"/>
      </object_component>
      <object_component id="oc-314">
         <name>.debug_line</name>
         <load_address>0x7f5</load_address>
         <run_address>0x7f5</run_address>
         <size>0xbf</size>
         <input_file_ref idref="fl-37"/>
      </object_component>
      <object_component id="oc-26c">
         <name>.debug_line</name>
         <load_address>0x8b4</load_address>
         <run_address>0x8b4</run_address>
         <size>0x7f</size>
         <input_file_ref idref="fl-37"/>
      </object_component>
      <object_component id="oc-318">
         <name>.debug_line</name>
         <load_address>0x933</load_address>
         <run_address>0x933</run_address>
         <size>0x2e</size>
         <input_file_ref idref="fl-37"/>
      </object_component>
      <object_component id="oc-324">
         <name>.debug_line</name>
         <load_address>0x961</load_address>
         <run_address>0x961</run_address>
         <size>0x9a</size>
         <input_file_ref idref="fl-37"/>
      </object_component>
      <object_component id="oc-2e2">
         <name>.debug_line</name>
         <load_address>0x9fb</load_address>
         <run_address>0x9fb</run_address>
         <size>0x97</size>
         <input_file_ref idref="fl-37"/>
      </object_component>
      <object_component id="oc-31d">
         <name>.debug_line</name>
         <load_address>0xa92</load_address>
         <run_address>0xa92</run_address>
         <size>0x93</size>
         <input_file_ref idref="fl-37"/>
      </object_component>
      <object_component id="oc-1ff">
         <name>.debug_line</name>
         <load_address>0xb25</load_address>
         <run_address>0xb25</run_address>
         <size>0x20</size>
         <input_file_ref idref="fl-38"/>
      </object_component>
      <object_component id="oc-17f">
         <name>.debug_line</name>
         <load_address>0xb45</load_address>
         <run_address>0xb45</run_address>
         <size>0x4f</size>
         <input_file_ref idref="fl-38"/>
      </object_component>
      <object_component id="oc-1cf">
         <name>.debug_line</name>
         <load_address>0xb94</load_address>
         <run_address>0xb94</run_address>
         <size>0x34</size>
         <input_file_ref idref="fl-38"/>
      </object_component>
      <object_component id="oc-1c6">
         <name>.debug_line</name>
         <load_address>0xbc8</load_address>
         <run_address>0xbc8</run_address>
         <size>0x92</size>
         <input_file_ref idref="fl-39"/>
      </object_component>
      <object_component id="oc-1d7">
         <name>.debug_line</name>
         <load_address>0xc5a</load_address>
         <run_address>0xc5a</run_address>
         <size>0x3e</size>
         <input_file_ref idref="fl-3b"/>
      </object_component>
      <object_component id="oc-2ce">
         <name>.debug_line</name>
         <load_address>0xc98</load_address>
         <run_address>0xc98</run_address>
         <size>0x3a</size>
         <input_file_ref idref="fl-3c"/>
      </object_component>
      <object_component id="oc-1c9">
         <name>.debug_line</name>
         <load_address>0xcd2</load_address>
         <run_address>0xcd2</run_address>
         <size>0x20</size>
         <input_file_ref idref="fl-3d"/>
      </object_component>
      <object_component id="oc-52">
         <name>.debug_line</name>
         <load_address>0xcf2</load_address>
         <run_address>0xcf2</run_address>
         <size>0x50</size>
         <input_file_ref idref="fl-3d"/>
      </object_component>
      <object_component id="oc-175">
         <name>.debug_line</name>
         <load_address>0xd42</load_address>
         <run_address>0xd42</run_address>
         <size>0x3a</size>
         <input_file_ref idref="fl-3d"/>
      </object_component>
      <object_component id="oc-1fb">
         <name>.debug_line</name>
         <load_address>0xd7c</load_address>
         <run_address>0xd7c</run_address>
         <size>0x20</size>
         <input_file_ref idref="fl-3e"/>
      </object_component>
      <object_component id="oc-48">
         <name>.debug_line</name>
         <load_address>0xd9c</load_address>
         <run_address>0xd9c</run_address>
         <size>0x99</size>
         <input_file_ref idref="fl-3e"/>
      </object_component>
      <object_component id="oc-164">
         <name>.debug_line</name>
         <load_address>0xe35</load_address>
         <run_address>0xe35</run_address>
         <size>0x3a</size>
         <input_file_ref idref="fl-3e"/>
      </object_component>
      <object_component id="oc-1f8">
         <name>.debug_line</name>
         <load_address>0xe6f</load_address>
         <run_address>0xe6f</run_address>
         <size>0x9a</size>
         <input_file_ref idref="fl-3e"/>
      </object_component>
      <object_component id="oc-1be">
         <name>.debug_line</name>
         <load_address>0xf09</load_address>
         <run_address>0xf09</run_address>
         <size>0x96</size>
         <input_file_ref idref="fl-3e"/>
      </object_component>
      <object_component id="oc-249">
         <name>.debug_line</name>
         <load_address>0xf9f</load_address>
         <run_address>0xf9f</run_address>
         <size>0x3d</size>
         <input_file_ref idref="fl-3f"/>
      </object_component>
      <object_component id="oc-2fd">
         <name>.debug_line</name>
         <load_address>0xfdc</load_address>
         <run_address>0xfdc</run_address>
         <size>0x91</size>
         <input_file_ref idref="fl-42"/>
      </object_component>
      <object_component id="oc-23e">
         <name>.debug_line</name>
         <load_address>0x106d</load_address>
         <run_address>0x106d</run_address>
         <size>0x5d</size>
         <input_file_ref idref="fl-42"/>
      </object_component>
      <object_component id="oc-327">
         <name>.debug_line</name>
         <load_address>0x10ca</load_address>
         <run_address>0x10ca</run_address>
         <size>0x20</size>
         <input_file_ref idref="fl-43"/>
      </object_component>
      <object_component id="oc-2fa">
         <name>.debug_line</name>
         <load_address>0x10ea</load_address>
         <run_address>0x10ea</run_address>
         <size>0x2b</size>
         <input_file_ref idref="fl-43"/>
      </object_component>
      <object_component id="oc-1fd">
         <name>.debug_line</name>
         <load_address>0x1115</load_address>
         <run_address>0x1115</run_address>
         <size>0x20</size>
         <input_file_ref idref="fl-44"/>
      </object_component>
      <object_component id="oc-170">
         <name>.debug_line</name>
         <load_address>0x1135</load_address>
         <run_address>0x1135</run_address>
         <size>0x42</size>
         <input_file_ref idref="fl-44"/>
      </object_component>
      <object_component id="oc-2f6">
         <name>.debug_line</name>
         <load_address>0x1177</load_address>
         <run_address>0x1177</run_address>
         <size>0x20</size>
         <input_file_ref idref="fl-45"/>
      </object_component>
      <object_component id="oc-227">
         <name>.debug_line</name>
         <load_address>0x1197</load_address>
         <run_address>0x1197</run_address>
         <size>0xaf</size>
         <input_file_ref idref="fl-45"/>
      </object_component>
      <object_component id="oc-20c">
         <name>.debug_frame</name>
         <load_address>0x0</load_address>
         <run_address>0x0</run_address>
         <size>0x3c</size>
         <input_file_ref idref="fl-2"/>
      </object_component>
      <object_component id="oc-237">
         <name>.debug_frame</name>
         <load_address>0x3c</load_address>
         <run_address>0x3c</run_address>
         <size>0x3c</size>
         <input_file_ref idref="fl-2"/>
      </object_component>
      <object_component id="oc-230">
         <name>.debug_frame</name>
         <load_address>0x78</load_address>
         <run_address>0x78</run_address>
         <size>0x40</size>
         <input_file_ref idref="fl-2"/>
      </object_component>
      <object_component id="oc-206">
         <name>.debug_frame</name>
         <load_address>0xb8</load_address>
         <run_address>0xb8</run_address>
         <size>0x3c</size>
         <input_file_ref idref="fl-2"/>
      </object_component>
      <object_component id="oc-28a">
         <name>.debug_frame</name>
         <load_address>0xf4</load_address>
         <run_address>0xf4</run_address>
         <size>0x40</size>
         <input_file_ref idref="fl-2"/>
      </object_component>
      <object_component id="oc-2a2">
         <name>.debug_frame</name>
         <load_address>0x134</load_address>
         <run_address>0x134</run_address>
         <size>0x3c</size>
         <input_file_ref idref="fl-2"/>
      </object_component>
      <object_component id="oc-219">
         <name>.debug_frame</name>
         <load_address>0x170</load_address>
         <run_address>0x170</run_address>
         <size>0x40</size>
         <input_file_ref idref="fl-2"/>
      </object_component>
      <object_component id="oc-212">
         <name>.debug_frame</name>
         <load_address>0x1b0</load_address>
         <run_address>0x1b0</run_address>
         <size>0x3c</size>
         <input_file_ref idref="fl-2"/>
      </object_component>
      <object_component id="oc-222">
         <name>.debug_frame</name>
         <load_address>0x1ec</load_address>
         <run_address>0x1ec</run_address>
         <size>0x40</size>
         <input_file_ref idref="fl-2"/>
      </object_component>
      <object_component id="oc-1dd">
         <name>.debug_frame</name>
         <load_address>0x22c</load_address>
         <run_address>0x22c</run_address>
         <size>0x40</size>
         <input_file_ref idref="fl-2"/>
      </object_component>
      <object_component id="oc-194">
         <name>.debug_frame</name>
         <load_address>0x26c</load_address>
         <run_address>0x26c</run_address>
         <size>0x34</size>
         <input_file_ref idref="fl-36"/>
      </object_component>
      <object_component id="oc-26d">
         <name>.debug_frame</name>
         <load_address>0x2a0</load_address>
         <run_address>0x2a0</run_address>
         <size>0x48</size>
         <input_file_ref idref="fl-37"/>
      </object_component>
      <object_component id="oc-17e">
         <name>.debug_frame</name>
         <load_address>0x2e8</load_address>
         <run_address>0x2e8</run_address>
         <size>0x3c</size>
         <input_file_ref idref="fl-38"/>
      </object_component>
      <object_component id="oc-1d8">
         <name>.debug_frame</name>
         <load_address>0x324</load_address>
         <run_address>0x324</run_address>
         <size>0x3c</size>
         <input_file_ref idref="fl-3b"/>
      </object_component>
      <object_component id="oc-2d0">
         <name>.debug_frame</name>
         <load_address>0x360</load_address>
         <run_address>0x360</run_address>
         <size>0x3c</size>
         <input_file_ref idref="fl-3c"/>
      </object_component>
      <object_component id="oc-4e">
         <name>.debug_frame</name>
         <load_address>0x39c</load_address>
         <run_address>0x39c</run_address>
         <size>0x3c</size>
         <input_file_ref idref="fl-3d"/>
      </object_component>
      <object_component id="oc-49">
         <name>.debug_frame</name>
         <load_address>0x3d8</load_address>
         <run_address>0x3d8</run_address>
         <size>0x48</size>
         <input_file_ref idref="fl-3e"/>
      </object_component>
      <object_component id="oc-245">
         <name>.debug_frame</name>
         <load_address>0x420</load_address>
         <run_address>0x420</run_address>
         <size>0x3c</size>
         <input_file_ref idref="fl-3f"/>
      </object_component>
      <object_component id="oc-23f">
         <name>.debug_frame</name>
         <load_address>0x45c</load_address>
         <run_address>0x45c</run_address>
         <size>0x44</size>
         <input_file_ref idref="fl-42"/>
      </object_component>
      <object_component id="oc-16f">
         <name>.debug_frame</name>
         <load_address>0x4a0</load_address>
         <run_address>0x4a0</run_address>
         <size>0x3c</size>
         <input_file_ref idref="fl-44"/>
      </object_component>
      <object_component id="oc-228">
         <name>.debug_frame</name>
         <load_address>0x4dc</load_address>
         <run_address>0x4dc</run_address>
         <size>0x3c</size>
         <input_file_ref idref="fl-45"/>
      </object_component>
      <object_component id="oc-28d">
         <name>.debug_abbrev</name>
         <load_address>0x0</load_address>
         <run_address>0x0</run_address>
         <size>0xfa</size>
         <input_file_ref idref="fl-2"/>
      </object_component>
      <object_component id="oc-2a7">
         <name>.debug_abbrev</name>
         <load_address>0xfa</load_address>
         <run_address>0xfa</run_address>
         <size>0x29</size>
         <input_file_ref idref="fl-2"/>
      </object_component>
      <object_component id="oc-284">
         <name>.debug_abbrev</name>
         <load_address>0x123</load_address>
         <run_address>0x123</run_address>
         <size>0x50</size>
         <input_file_ref idref="fl-2"/>
      </object_component>
      <object_component id="oc-2aa">
         <name>.debug_abbrev</name>
         <load_address>0x173</load_address>
         <run_address>0x173</run_address>
         <size>0x52</size>
         <input_file_ref idref="fl-2"/>
      </object_component>
      <object_component id="oc-2a9">
         <name>.debug_abbrev</name>
         <load_address>0x1c5</load_address>
         <run_address>0x1c5</run_address>
         <size>0x6c</size>
         <input_file_ref idref="fl-2"/>
      </object_component>
      <object_component id="oc-283">
         <name>.debug_abbrev</name>
         <load_address>0x231</load_address>
         <run_address>0x231</run_address>
         <size>0x50</size>
         <input_file_ref idref="fl-2"/>
      </object_component>
      <object_component id="oc-2ee">
         <name>.debug_abbrev</name>
         <load_address>0x281</load_address>
         <run_address>0x281</run_address>
         <size>0x6c</size>
         <input_file_ref idref="fl-2"/>
      </object_component>
      <object_component id="oc-2f4">
         <name>.debug_abbrev</name>
         <load_address>0x2ed</load_address>
         <run_address>0x2ed</run_address>
         <size>0x52</size>
         <input_file_ref idref="fl-2"/>
      </object_component>
      <object_component id="oc-28c">
         <name>.debug_abbrev</name>
         <load_address>0x33f</load_address>
         <run_address>0x33f</run_address>
         <size>0x7a</size>
         <input_file_ref idref="fl-2"/>
      </object_component>
      <object_component id="oc-285">
         <name>.debug_abbrev</name>
         <load_address>0x3b9</load_address>
         <run_address>0x3b9</run_address>
         <size>0x50</size>
         <input_file_ref idref="fl-2"/>
      </object_component>
      <object_component id="oc-2a4">
         <name>.debug_abbrev</name>
         <load_address>0x409</load_address>
         <run_address>0x409</run_address>
         <size>0x7a</size>
         <input_file_ref idref="fl-2"/>
      </object_component>
      <object_component id="oc-243">
         <name>.debug_abbrev</name>
         <load_address>0x483</load_address>
         <run_address>0x483</run_address>
         <size>0x77</size>
         <input_file_ref idref="fl-2"/>
      </object_component>
      <object_component id="oc-291">
         <name>.debug_abbrev</name>
         <load_address>0x4fa</load_address>
         <run_address>0x4fa</run_address>
         <size>0x69</size>
         <input_file_ref idref="fl-2"/>
      </object_component>
      <object_component id="oc-168">
         <name>.debug_abbrev</name>
         <load_address>0x563</load_address>
         <run_address>0x563</run_address>
         <size>0x1f</size>
         <input_file_ref idref="fl-2"/>
      </object_component>
      <object_component id="oc-29b">
         <name>.debug_abbrev</name>
         <load_address>0x582</load_address>
         <run_address>0x582</run_address>
         <size>0x24</size>
         <input_file_ref idref="fl-2"/>
      </object_component>
      <object_component id="oc-2f1">
         <name>.debug_abbrev</name>
         <load_address>0x5a6</load_address>
         <run_address>0x5a6</run_address>
         <size>0x35</size>
         <input_file_ref idref="fl-2"/>
      </object_component>
      <object_component id="oc-296">
         <name>.debug_abbrev</name>
         <load_address>0x5db</load_address>
         <run_address>0x5db</run_address>
         <size>0x33</size>
         <input_file_ref idref="fl-2"/>
      </object_component>
      <object_component id="oc-2b0">
         <name>.debug_abbrev</name>
         <load_address>0x60e</load_address>
         <run_address>0x60e</run_address>
         <size>0x4a</size>
         <input_file_ref idref="fl-1d"/>
      </object_component>
      <object_component id="oc-2f7">
         <name>.debug_abbrev</name>
         <load_address>0x658</load_address>
         <run_address>0x658</run_address>
         <size>0x3c</size>
         <input_file_ref idref="fl-1e"/>
      </object_component>
      <object_component id="oc-1ca">
         <name>.debug_abbrev</name>
         <load_address>0x694</load_address>
         <run_address>0x694</run_address>
         <size>0x28</size>
         <input_file_ref idref="fl-30"/>
      </object_component>
      <object_component id="oc-2f8">
         <name>.debug_abbrev</name>
         <load_address>0x6bc</load_address>
         <run_address>0x6bc</run_address>
         <size>0x3c</size>
         <input_file_ref idref="fl-31"/>
      </object_component>
      <object_component id="oc-1b9">
         <name>.debug_abbrev</name>
         <load_address>0x6f8</load_address>
         <run_address>0x6f8</run_address>
         <size>0x29</size>
         <input_file_ref idref="fl-36"/>
      </object_component>
      <object_component id="oc-1e2">
         <name>.debug_abbrev</name>
         <load_address>0x721</load_address>
         <run_address>0x721</run_address>
         <size>0x58</size>
         <input_file_ref idref="fl-36"/>
      </object_component>
      <object_component id="oc-313">
         <name>.debug_abbrev</name>
         <load_address>0x779</load_address>
         <run_address>0x779</run_address>
         <size>0xcb</size>
         <input_file_ref idref="fl-37"/>
      </object_component>
      <object_component id="oc-2de">
         <name>.debug_abbrev</name>
         <load_address>0x844</load_address>
         <run_address>0x844</run_address>
         <size>0x7e</size>
         <input_file_ref idref="fl-37"/>
      </object_component>
      <object_component id="oc-317">
         <name>.debug_abbrev</name>
         <load_address>0x8c2</load_address>
         <run_address>0x8c2</run_address>
         <size>0x24</size>
         <input_file_ref idref="fl-37"/>
      </object_component>
      <object_component id="oc-323">
         <name>.debug_abbrev</name>
         <load_address>0x8e6</load_address>
         <run_address>0x8e6</run_address>
         <size>0x24</size>
         <input_file_ref idref="fl-37"/>
      </object_component>
      <object_component id="oc-2e1">
         <name>.debug_abbrev</name>
         <load_address>0x90a</load_address>
         <run_address>0x90a</run_address>
         <size>0x24</size>
         <input_file_ref idref="fl-37"/>
      </object_component>
      <object_component id="oc-31c">
         <name>.debug_abbrev</name>
         <load_address>0x92e</load_address>
         <run_address>0x92e</run_address>
         <size>0x4b</size>
         <input_file_ref idref="fl-37"/>
      </object_component>
      <object_component id="oc-1fe">
         <name>.debug_abbrev</name>
         <load_address>0x979</load_address>
         <run_address>0x979</run_address>
         <size>0x40</size>
         <input_file_ref idref="fl-38"/>
      </object_component>
      <object_component id="oc-1cb">
         <name>.debug_abbrev</name>
         <load_address>0x9b9</load_address>
         <run_address>0x9b9</run_address>
         <size>0x6f</size>
         <input_file_ref idref="fl-38"/>
      </object_component>
      <object_component id="oc-1ce">
         <name>.debug_abbrev</name>
         <load_address>0xa28</load_address>
         <run_address>0xa28</run_address>
         <size>0x24</size>
         <input_file_ref idref="fl-38"/>
      </object_component>
      <object_component id="oc-1c5">
         <name>.debug_abbrev</name>
         <load_address>0xa4c</load_address>
         <run_address>0xa4c</run_address>
         <size>0x24</size>
         <input_file_ref idref="fl-39"/>
      </object_component>
      <object_component id="oc-200">
         <name>.debug_abbrev</name>
         <load_address>0xa70</load_address>
         <run_address>0xa70</run_address>
         <size>0x55</size>
         <input_file_ref idref="fl-3b"/>
      </object_component>
      <object_component id="oc-312">
         <name>.debug_abbrev</name>
         <load_address>0xac5</load_address>
         <run_address>0xac5</run_address>
         <size>0x53</size>
         <input_file_ref idref="fl-3c"/>
      </object_component>
      <object_component id="oc-1c8">
         <name>.debug_abbrev</name>
         <load_address>0xb18</load_address>
         <run_address>0xb18</run_address>
         <size>0x40</size>
         <input_file_ref idref="fl-3d"/>
      </object_component>
      <object_component id="oc-171">
         <name>.debug_abbrev</name>
         <load_address>0xb58</load_address>
         <run_address>0xb58</run_address>
         <size>0x74</size>
         <input_file_ref idref="fl-3d"/>
      </object_component>
      <object_component id="oc-174">
         <name>.debug_abbrev</name>
         <load_address>0xbcc</load_address>
         <run_address>0xbcc</run_address>
         <size>0x24</size>
         <input_file_ref idref="fl-3d"/>
      </object_component>
      <object_component id="oc-1fa">
         <name>.debug_abbrev</name>
         <load_address>0xbf0</load_address>
         <run_address>0xbf0</run_address>
         <size>0x40</size>
         <input_file_ref idref="fl-3e"/>
      </object_component>
      <object_component id="oc-160">
         <name>.debug_abbrev</name>
         <load_address>0xc30</load_address>
         <run_address>0xc30</run_address>
         <size>0x6f</size>
         <input_file_ref idref="fl-3e"/>
      </object_component>
      <object_component id="oc-163">
         <name>.debug_abbrev</name>
         <load_address>0xc9f</load_address>
         <run_address>0xc9f</run_address>
         <size>0x24</size>
         <input_file_ref idref="fl-3e"/>
      </object_component>
      <object_component id="oc-1f7">
         <name>.debug_abbrev</name>
         <load_address>0xcc3</load_address>
         <run_address>0xcc3</run_address>
         <size>0x35</size>
         <input_file_ref idref="fl-3e"/>
      </object_component>
      <object_component id="oc-1bd">
         <name>.debug_abbrev</name>
         <load_address>0xcf8</load_address>
         <run_address>0xcf8</run_address>
         <size>0x24</size>
         <input_file_ref idref="fl-3e"/>
      </object_component>
      <object_component id="oc-2bb">
         <name>.debug_abbrev</name>
         <load_address>0xd1c</load_address>
         <run_address>0xd1c</run_address>
         <size>0x45</size>
         <input_file_ref idref="fl-3f"/>
      </object_component>
      <object_component id="oc-2fc">
         <name>.debug_abbrev</name>
         <load_address>0xd61</load_address>
         <run_address>0xd61</run_address>
         <size>0x61</size>
         <input_file_ref idref="fl-42"/>
      </object_component>
      <object_component id="oc-2b9">
         <name>.debug_abbrev</name>
         <load_address>0xdc2</load_address>
         <run_address>0xdc2</run_address>
         <size>0x7f</size>
         <input_file_ref idref="fl-42"/>
      </object_component>
      <object_component id="oc-326">
         <name>.debug_abbrev</name>
         <load_address>0xe41</load_address>
         <run_address>0xe41</run_address>
         <size>0x37</size>
         <input_file_ref idref="fl-43"/>
      </object_component>
      <object_component id="oc-2f9">
         <name>.debug_abbrev</name>
         <load_address>0xe78</load_address>
         <run_address>0xe78</run_address>
         <size>0x29</size>
         <input_file_ref idref="fl-43"/>
      </object_component>
      <object_component id="oc-1fc">
         <name>.debug_abbrev</name>
         <load_address>0xea1</load_address>
         <run_address>0xea1</run_address>
         <size>0x50</size>
         <input_file_ref idref="fl-44"/>
      </object_component>
      <object_component id="oc-1c1">
         <name>.debug_abbrev</name>
         <load_address>0xef1</load_address>
         <run_address>0xef1</run_address>
         <size>0x71</size>
         <input_file_ref idref="fl-44"/>
      </object_component>
      <object_component id="oc-2f5">
         <name>.debug_abbrev</name>
         <load_address>0xf62</load_address>
         <run_address>0xf62</run_address>
         <size>0x37</size>
         <input_file_ref idref="fl-45"/>
      </object_component>
      <object_component id="oc-2a5">
         <name>.debug_abbrev</name>
         <load_address>0xf99</load_address>
         <run_address>0xf99</run_address>
         <size>0x71</size>
         <input_file_ref idref="fl-45"/>
      </object_component>
      <object_component id="oc-38a">
         <name>.debug_abbrev</name>
         <load_address>0x100a</load_address>
         <run_address>0x100a</run_address>
         <size>0xf</size>
      </object_component>
      <object_component id="oc-293">
         <name>.debug_str</name>
         <load_address>0x0</load_address>
         <run_address>0x0</run_address>
         <size>0x2bb</size>
         <input_file_ref idref="fl-2"/>
      </object_component>
      <object_component id="oc-16a">
         <name>.debug_str</name>
         <load_address>0x2bb</load_address>
         <run_address>0x2bb</run_address>
         <size>0xfd</size>
         <input_file_ref idref="fl-2"/>
      </object_component>
      <object_component id="oc-29d">
         <name>.debug_str</name>
         <load_address>0x3b8</load_address>
         <run_address>0x3b8</run_address>
         <size>0xe1</size>
         <input_file_ref idref="fl-2"/>
      </object_component>
      <object_component id="oc-2f3">
         <name>.debug_str</name>
         <load_address>0x499</load_address>
         <run_address>0x499</run_address>
         <size>0x340</size>
         <input_file_ref idref="fl-2"/>
      </object_component>
      <object_component id="oc-298">
         <name>.debug_str</name>
         <load_address>0x7d9</load_address>
         <run_address>0x7d9</run_address>
         <size>0x101</size>
         <input_file_ref idref="fl-2"/>
      </object_component>
      <object_component id="oc-319">
         <name>.debug_str</name>
         <load_address>0x8da</load_address>
         <run_address>0x8da</run_address>
         <size>0xed</size>
         <input_file_ref idref="fl-37"/>
      </object_component>
      <object_component id="oc-325">
         <name>.debug_str</name>
         <load_address>0x9c7</load_address>
         <run_address>0x9c7</run_address>
         <size>0x14c</size>
         <input_file_ref idref="fl-37"/>
      </object_component>
      <object_component id="oc-2e3">
         <name>.debug_str</name>
         <load_address>0xb13</load_address>
         <run_address>0xb13</run_address>
         <size>0x147</size>
         <input_file_ref idref="fl-37"/>
      </object_component>
      <object_component id="oc-31e">
         <name>.debug_str</name>
         <load_address>0xc5a</load_address>
         <run_address>0xc5a</run_address>
         <size>0x197</size>
         <input_file_ref idref="fl-37"/>
      </object_component>
      <object_component id="oc-1d0">
         <name>.debug_str</name>
         <load_address>0xdf1</load_address>
         <run_address>0xdf1</run_address>
         <size>0x105</size>
         <input_file_ref idref="fl-38"/>
      </object_component>
      <object_component id="oc-1c7">
         <name>.debug_str</name>
         <load_address>0xef6</load_address>
         <run_address>0xef6</run_address>
         <size>0x140</size>
         <input_file_ref idref="fl-39"/>
      </object_component>
      <object_component id="oc-176">
         <name>.debug_str</name>
         <load_address>0x1036</load_address>
         <run_address>0x1036</run_address>
         <size>0x10b</size>
         <input_file_ref idref="fl-3d"/>
      </object_component>
      <object_component id="oc-165">
         <name>.debug_str</name>
         <load_address>0x1141</load_address>
         <run_address>0x1141</run_address>
         <size>0x118</size>
         <input_file_ref idref="fl-3e"/>
      </object_component>
      <object_component id="oc-1f9">
         <name>.debug_str</name>
         <load_address>0x1259</load_address>
         <run_address>0x1259</run_address>
         <size>0x16b</size>
         <input_file_ref idref="fl-3e"/>
      </object_component>
      <object_component id="oc-1bf">
         <name>.debug_str</name>
         <load_address>0x13c4</load_address>
         <run_address>0x13c4</run_address>
         <size>0x158</size>
         <input_file_ref idref="fl-3e"/>
      </object_component>
      <object_component id="oc-209">
         <name>.debug_aranges</name>
         <load_address>0x0</load_address>
         <run_address>0x0</run_address>
         <size>0x20</size>
         <input_file_ref idref="fl-2"/>
      </object_component>
      <object_component id="oc-234">
         <name>.debug_aranges</name>
         <load_address>0x20</load_address>
         <run_address>0x20</run_address>
         <size>0x20</size>
         <input_file_ref idref="fl-2"/>
      </object_component>
      <object_component id="oc-22f">
         <name>.debug_aranges</name>
         <load_address>0x40</load_address>
         <run_address>0x40</run_address>
         <size>0x20</size>
         <input_file_ref idref="fl-2"/>
      </object_component>
      <object_component id="oc-203">
         <name>.debug_aranges</name>
         <load_address>0x60</load_address>
         <run_address>0x60</run_address>
         <size>0x20</size>
         <input_file_ref idref="fl-2"/>
      </object_component>
      <object_component id="oc-289">
         <name>.debug_aranges</name>
         <load_address>0x80</load_address>
         <run_address>0x80</run_address>
         <size>0x20</size>
         <input_file_ref idref="fl-2"/>
      </object_component>
      <object_component id="oc-2a0">
         <name>.debug_aranges</name>
         <load_address>0xa0</load_address>
         <run_address>0xa0</run_address>
         <size>0x20</size>
         <input_file_ref idref="fl-2"/>
      </object_component>
      <object_component id="oc-217">
         <name>.debug_aranges</name>
         <load_address>0xc0</load_address>
         <run_address>0xc0</run_address>
         <size>0x20</size>
         <input_file_ref idref="fl-2"/>
      </object_component>
      <object_component id="oc-210">
         <name>.debug_aranges</name>
         <load_address>0xe0</load_address>
         <run_address>0xe0</run_address>
         <size>0x20</size>
         <input_file_ref idref="fl-2"/>
      </object_component>
      <object_component id="oc-220">
         <name>.debug_aranges</name>
         <load_address>0x100</load_address>
         <run_address>0x100</run_address>
         <size>0x20</size>
         <input_file_ref idref="fl-2"/>
      </object_component>
      <object_component id="oc-1db">
         <name>.debug_aranges</name>
         <load_address>0x120</load_address>
         <run_address>0x120</run_address>
         <size>0x20</size>
         <input_file_ref idref="fl-2"/>
      </object_component>
      <object_component id="oc-23a">
         <name>.debug_aranges</name>
         <load_address>0x140</load_address>
         <run_address>0x140</run_address>
         <size>0x20</size>
         <input_file_ref idref="fl-1d"/>
      </object_component>
      <object_component id="oc-2ad">
         <name>.debug_aranges</name>
         <load_address>0x160</load_address>
         <run_address>0x160</run_address>
         <size>0x20</size>
         <input_file_ref idref="fl-1e"/>
      </object_component>
      <object_component id="oc-17a">
         <name>.debug_aranges</name>
         <load_address>0x180</load_address>
         <run_address>0x180</run_address>
         <size>0x20</size>
         <input_file_ref idref="fl-30"/>
      </object_component>
      <object_component id="oc-2b4">
         <name>.debug_aranges</name>
         <load_address>0x1a0</load_address>
         <run_address>0x1a0</run_address>
         <size>0x20</size>
         <input_file_ref idref="fl-31"/>
      </object_component>
      <object_component id="oc-191">
         <name>.debug_aranges</name>
         <load_address>0x1c0</load_address>
         <run_address>0x1c0</run_address>
         <size>0x20</size>
         <input_file_ref idref="fl-36"/>
      </object_component>
      <object_component id="oc-26a">
         <name>.debug_aranges</name>
         <load_address>0x1e0</load_address>
         <run_address>0x1e0</run_address>
         <size>0x20</size>
         <input_file_ref idref="fl-37"/>
      </object_component>
      <object_component id="oc-182">
         <name>.debug_aranges</name>
         <load_address>0x200</load_address>
         <run_address>0x200</run_address>
         <size>0x20</size>
         <input_file_ref idref="fl-38"/>
      </object_component>
      <object_component id="oc-1d5">
         <name>.debug_aranges</name>
         <load_address>0x220</load_address>
         <run_address>0x220</run_address>
         <size>0x20</size>
         <input_file_ref idref="fl-3b"/>
      </object_component>
      <object_component id="oc-2cf">
         <name>.debug_aranges</name>
         <load_address>0x240</load_address>
         <run_address>0x240</run_address>
         <size>0x20</size>
         <input_file_ref idref="fl-3c"/>
      </object_component>
      <object_component id="oc-50">
         <name>.debug_aranges</name>
         <load_address>0x260</load_address>
         <run_address>0x260</run_address>
         <size>0x20</size>
         <input_file_ref idref="fl-3d"/>
      </object_component>
      <object_component id="oc-4b">
         <name>.debug_aranges</name>
         <load_address>0x280</load_address>
         <run_address>0x280</run_address>
         <size>0x20</size>
         <input_file_ref idref="fl-3e"/>
      </object_component>
      <object_component id="oc-246">
         <name>.debug_aranges</name>
         <load_address>0x2a0</load_address>
         <run_address>0x2a0</run_address>
         <size>0x20</size>
         <input_file_ref idref="fl-3f"/>
      </object_component>
      <object_component id="oc-240">
         <name>.debug_aranges</name>
         <load_address>0x2c0</load_address>
         <run_address>0x2c0</run_address>
         <size>0x20</size>
         <input_file_ref idref="fl-42"/>
      </object_component>
      <object_component id="oc-16d">
         <name>.debug_aranges</name>
         <load_address>0x2e0</load_address>
         <run_address>0x2e0</run_address>
         <size>0x20</size>
         <input_file_ref idref="fl-44"/>
      </object_component>
      <object_component id="oc-226">
         <name>.debug_aranges</name>
         <load_address>0x300</load_address>
[...]
         <name>P1DIR</name>
         <value>0x22</value>
      </symbol>
      <symbol id="sm-8b">
         <name>P1IFG</name>
         <value>0x23</value>
      </symbol>
      <symbol id="sm-8c">
         <name>P1IES</name>
         <value>0x24</value>
      </symbol>
      <symbol id="sm-8d">
         <name>P1IE</name>
         <value>0x25</value>
      </symbol>
      <symbol id="sm-8e">
         <name>P1SEL</name>
         <value>0x26</value>
      </symbol>
      <symbol id="sm-8f">
         <name>P2IN</name>
         <value>0x28</value>
      </symbol>
      <symbol id="sm-90">
         <name>P2OUT</name>
         <value>0x29</value>
      </symbol>
      <symbol id="sm-91">
         <name>P2DIR</name>
         <value>0x2a</value>
      </symbol>
      <symbol id="sm-92">
         <name>P2IFG</name>
         <value>0x2b</value>
      </symbol>
      <symbol id="sm-93">
         <name>P2IES</name>
         <value>0x2c</value>
      </symbol>
      <symbol id="sm-94">
         <name>P2IE</name>
         <value>0x2d</value>
      </symbol>
      <symbol id="sm-95">
         <name>P2SEL</name>
         <value>0x2e</value>
      </symbol>
      <symbol id="sm-96">
         <name>P3IN</name>
         <value>0x18</value>
      </symbol>
      <symbol id="sm-97">
         <name>P3OUT</name>
         <value>0x19</value>
      </symbol>
      <symbol id="sm-98">
         <name>P3DIR</name>
         <value>0x1a</value>
      </symbol>
      <symbol id="sm-99">
         <name>P3SEL</name>
         <value>0x1b</value>
      </symbol>
      <symbol id="sm-9a">
         <name>P4IN</name>
         <value>0x1c</value>
      </symbol>
      <symbol id="sm-9b">
         <name>P4OUT</name>
         <value>0x1d</value>
      </symbol>
      <symbol id="sm-9c">
         <name>P4DIR</name>
         <value>0x1e</value>
      </symbol>
      <symbol id="sm-9d">
         <name>P4SEL</name>
         <value>0x1f</value>
      </symbol>
      <symbol id="sm-9e">
         <name>P5IN</name>
         <value>0x30</value>
      </symbol>
      <symbol id="sm-9f">
         <name>P5OUT</name>
         <value>0x31</value>
      </symbol>
      <symbol id="sm-a0">
         <name>P5DIR</name>
         <value>0x32</value>
      </symbol>
      <symbol id="sm-a1">
         <name>P5SEL</name>
         <value>0x33</value>
      </symbol>
      <symbol id="sm-a2">
         <name>P6IN</name>
         <value>0x34</value>
      </symbol>
      <symbol id="sm-a3">
         <name>P6OUT</name>
         <value>0x35</value>
      </symbol>
      <symbol id="sm-a4">
         <name>P6DIR</name>
         <value>0x36</value>
      </symbol>
      <symbol id="sm-a5">
         <name>P6SEL</name>
         <value>0x37</value>
      </symbol>
      <symbol id="sm-a6">
         <name>P7IN</name>
         <value>0x38</value>
      </symbol>
      <symbol id="sm-a7">
         <name>P7OUT</name>
         <value>0x3a</value>
      </symbol>
      <symbol id="sm-a8">
         <name>P7DIR</name>
         <value>0x3c</value>
      </symbol>
      <symbol id="sm-a9">
         <name>P7SEL</name>
         <value>0x3e</value>
      </symbol>
      <symbol id="sm-aa">
         <name>P8IN</name>
         <value>0x39</value>
      </symbol>
      <symbol id="sm-ab">
         <name>P8OUT</name>
         <value>0x3b</value>
      </symbol>
      <symbol id="sm-ac">
         <name>P8DIR</name>
         <value>0x3d</value>
      </symbol>
      <symbol id="sm-ad">
         <name>P8SEL</name>
         <value>0x3f</value>
      </symbol>
      <symbol id="sm-ae">
         <name>PAIN</name>
         <value>0x38</value>
      </symbol>
      <symbol id="sm-af">
         <name>PAOUT</name>
         <value>0x3a</value>
      </symbol>
      <symbol id="sm-b0">
         <name>PADIR</name>
         <value>0x3c</value>
      </symbol>
      <symbol id="sm-b1">
         <name>PASEL</name>
         <value>0x3e</value>
      </symbol>
      <symbol id="sm-b2">
         <name>P9IN</name>
         <value>0x8</value>
      </symbol>
      <symbol id="sm-b3">
         <name>P9OUT</name>
         <value>0xa</value>
      </symbol>
      <symbol id="sm-b4">
         <name>P9DIR</name>
         <value>0xc</value>
      </symbol>
      <symbol id="sm-b5">
         <name>P9SEL</name>
         <value>0xe</value>
      </symbol>
      <symbol id="sm-b6">
         <name>P10IN</name>
         <value>0x9</value>
      </symbol>
      <symbol id="sm-b7">
         <name>P10OUT</name>
         <value>0xb</value>
      </symbol>
      <symbol id="sm-b8">
         <name>P10DIR</name>
         <value>0xd</value>
      </symbol>
      <symbol id="sm-b9">
         <name>P10SEL</name>
         <value>0xf</value>
      </symbol>
      <symbol id="sm-ba">
         <name>PBIN</name>
         <value>0x8</value>
      </symbol>
      <symbol id="sm-bb">
         <name>PBOUT</name>
         <value>0xa</value>
      </symbol>
      <symbol id="sm-bc">
         <name>PBDIR</name>
         <value>0xc</value>
      </symbol>
      <symbol id="sm-bd">
         <name>PBSEL</name>
         <value>0xe</value>
      </symbol>
      <symbol id="sm-be">
         <name>SVSCTL</name>
         <value>0x56</value>
      </symbol>
      <symbol id="sm-bf">
         <name>TAIV</name>
         <value>0x12e</value>
      </symbol>
      <symbol id="sm-c0">
         <name>TACTL</name>
         <value>0x160</value>
      </symbol>
      <symbol id="sm-c1">
         <name>TACCTL0</name>
         <value>0x162</value>
      </symbol>
      <symbol id="sm-c2">
         <name>TACCTL1</name>
         <value>0x164</value>
      </symbol>
      <symbol id="sm-c3">
         <name>TACCTL2</name>
         <value>0x166</value>
      </symbol>
      <symbol id="sm-c4">
         <name>TAR</name>
         <value>0x170</value>
      </symbol>
      <symbol id="sm-c5">
         <name>TACCR0</name>
         <value>0x172</value>
      </symbol>
      <symbol id="sm-c6">
         <name>TACCR1</name>
         <value>0x174</value>
      </symbol>
      <symbol id="sm-c7">
         <name>TACCR2</name>
         <value>0x176</value>
      </symbol>
      <symbol id="sm-c8">
         <name>TBIV</name>
         <value>0x11e</value>
      </symbol>
      <symbol id="sm-c9">
         <name>TBCTL</name>
         <value>0x180</value>
      </symbol>
      <symbol id="sm-ca">
         <name>TBCCTL0</name>
         <value>0x182</value>
      </symbol>
      <symbol id="sm-cb">
         <name>TBCCTL1</name>
         <value>0x184</value>
      </symbol>
      <symbol id="sm-cc">
         <name>TBCCTL2</name>
         <value>0x186</value>
      </symbol>
      <symbol id="sm-cd">
         <name>TBCCTL3</name>
         <value>0x188</value>
      </symbol>
      <symbol id="sm-ce">
         <name>TBCCTL4</name>
         <value>0x18a</value>
      </symbol>
      <symbol id="sm-cf">
         <name>TBCCTL5</name>
         <value>0x18c</value>
      </symbol>
      <symbol id="sm-d0">
         <name>TBCCTL6</name>
         <value>0x18e</value>
      </symbol>
      <symbol id="sm-d1">
         <name>TBR</name>
         <value>0x190</value>
      </symbol>
      <symbol id="sm-d2">
         <name>TBCCR0</name>
         <value>0x192</value>
      </symbol>
      <symbol id="sm-d3">
         <name>TBCCR1</name>
         <value>0x194</value>
      </symbol>
      <symbol id="sm-d4">
         <name>TBCCR2</name>
         <value>0x196</value>
      </symbol>
      <symbol id="sm-d5">
         <name>TBCCR3</name>
         <value>0x198</value>
      </symbol>
      <symbol id="sm-d6">
         <name>TBCCR4</name>
         <value>0x19a</value>
      </symbol>
      <symbol id="sm-d7">
         <name>TBCCR5</name>
         <value>0x19c</value>
      </symbol>
      <symbol id="sm-d8">
         <name>TBCCR6</name>
         <value>0x19e</value>
      </symbol>
      <symbol id="sm-d9">
         <name>UCA0CTL0</name>
         <value>0x60</value>
      </symbol>
      <symbol id="sm-da">
         <name>UCA0CTL1</name>
         <value>0x61</value>
      </symbol>
      <symbol id="sm-db">
         <name>UCA0BR0</name>
         <value>0x62</value>
      </symbol>
      <symbol id="sm-dc">
         <name>UCA0BR1</name>
         <value>0x63</value>
      </symbol>
      <symbol id="sm-dd">
         <name>UCA0MCTL</name>
         <value>0x64</value>
      </symbol>
      <symbol id="sm-de">
         <name>UCA0STAT</name>
         <value>0x65</value>
      </symbol>
      <symbol id="sm-df">
         <name>UCA0RXBUF</name>
         <value>0x66</value>
      </symbol>
      <symbol id="sm-e0">
         <name>UCA0TXBUF</name>
         <value>0x67</value>
      </symbol>
      <symbol id="sm-e1">
         <name>UCA0ABCTL</name>
         <value>0x5d</value>
      </symbol>
      <symbol id="sm-e2">
         <name>UCA0IRTCTL</name>
         <value>0x5e</value>
      </symbol>
      <symbol id="sm-e3">
         <name>UCA0IRRCTL</name>
         <value>0x5f</value>
      </symbol>
      <symbol id="sm-e4">
         <name>UCB0CTL0</name>
         <value>0x68</value>
      </symbol>
      <symbol id="sm-e5">
         <name>UCB0CTL1</name>
         <value>0x69</value>
      </symbol>
      <symbol id="sm-e6">
         <name>UCB0BR0</name>
         <value>0x6a</value>
      </symbol>
      <symbol id="sm-e7">
         <name>UCB0BR1</name>
         <value>0x6b</value>
      </symbol>
      <symbol id="sm-e8">
         <name>UCB0I2CIE</name>
         <value>0x6c</value>
      </symbol>
      <symbol id="sm-e9">
         <name>UCB0STAT</name>
         <value>0x6d</value>
      </symbol>
      <symbol id="sm-ea">
         <name>UCB0RXBUF</name>
         <value>0x6e</value>
      </symbol>
      <symbol id="sm-eb">
         <name>UCB0TXBUF</name>
         <value>0x6f</value>
      </symbol>
      <symbol id="sm-ec">
         <name>UCB0I2COA</name>
         <value>0x118</value>
      </symbol>
      <symbol id="sm-ed">
         <name>UCB0I2CSA</name>
         <value>0x11a</value>
      </symbol>
      <symbol id="sm-ee">
         <name>U1CTL</name>
         <value>0x78</value>
      </symbol>
      <symbol id="sm-ef">
         <name>U1TCTL</name>
         <value>0x79</value>
      </symbol>
      <symbol id="sm-f0">
         <name>U1RCTL</name>
         <value>0x7a</value>
      </symbol>
      <symbol id="sm-f1">
         <name>U1MCTL</name>
         <value>0x7b</value>
      </symbol>
      <symbol id="sm-f2">
         <name>U1BR0</name>
         <value>0x7c</value>
      </symbol>
      <symbol id="sm-f3">
         <name>U1BR1</name>
         <value>0x7d</value>
      </symbol>
      <symbol id="sm-f4">
         <name>U1RXBUF</name>
         <value>0x7e</value>
      </symbol>
      <symbol id="sm-f5">
         <name>U1TXBUF</name>
         <value>0x7f</value>
      </symbol>
      <symbol id="sm-f6">
         <name>WDTCTL</name>
         <value>0x120</value>
      </symbol>
      <symbol id="sm-f7">
         <name>__TI_CINIT_Base</name>
         <value>0x3282</value>
      </symbol>
      <symbol id="sm-f8">
         <name>__TI_CINIT_Limit</name>
         <value>0x3292</value>
      </symbol>
      <symbol id="sm-f9">
         <name>__TI_CINIT_Warm</name>
         <value>0x3292</value>
      </symbol>
      <symbol id="sm-fa">
         <name>__TI_Handler_Table_Base</name>
         <value>0x326a</value>
      </symbol>
      <symbol id="sm-fb">
         <name>__TI_Handler_Table_Limit</name>
         <value>0x3276</value>
      </symbol>
      <symbol id="sm-fc">
         <name>__STACK_SIZE</name>
         <value>0x50</value>
      </symbol>
      <symbol id="sm-fd">
         <name>__STACK_END</name>
         <value>0x3100</value>
      </symbol>
      <symbol id="sm-fe">
         <name>__c_args__</name>
         <value>0xffffffff</value>
      </symbol>
      <symbol id="sm-ff">
         <name>__TI_pprof_out_hndl</name>
         <value>0xffffffff</value>
      </symbol>
      <symbol id="sm-100">
         <name>__TI_prof_data_start</name>
         <value>0xffffffff</value>
      </symbol>
      <symbol id="sm-101">
         <name>__TI_prof_data_size</name>
         <value>0xffffffff</value>
      </symbol>
      <symbol id="sm-1c4">
         <name>pause</name>
         <value>0x1100</value>
      </symbol>
      <symbol id="sm-1c5">
         <name>UART_sendCharacter</name>
         <value>0x104f2</value>
         <object_component_ref idref="oc-286"/>
      </symbol>
      <symbol id="sm-1c6">
         <name>SPI_getState</name>
         <value>0x104aa</value>
         <object_component_ref idref="oc-232"/>
      </symbol>
      <symbol id="sm-1c7">
         <name>SPI_setup</name>
         <value>0x10434</value>
         <object_component_ref idref="oc-207"/>
      </symbol>
      <symbol id="sm-1c8">
         <name>P</name>
         <value>0x1104</value>
         <object_component_ref idref="oc-229"/>
      </symbol>
      <symbol id="sm-1c9">
         <name>UART_getCharacter</name>
         <value>0x1052c</value>
         <object_component_ref idref="oc-29e"/>
      </symbol>
      <symbol id="sm-1ca">
         <name>main</name>
         <value>0x10000</value>
         <object_component_ref idref="oc-1d9"/>
      </symbol>
      <symbol id="sm-1cb">
         <name>UART_setup</name>
         <value>0x103e8</value>
         <object_component_ref idref="oc-201"/>
      </symbol>
      <symbol id="sm-1cc">
         <name>UART_getLine</name>
         <value>0x10166</value>
         <object_component_ref idref="oc-21d"/>
      </symbol>
      <symbol id="sm-1cd">
         <name>UART_sendString</name>
         <value>0x1037c</value>
         <object_component_ref idref="oc-214"/>
      </symbol>
      <symbol id="sm-1ce">
         <name>DMA_setup</name>
         <value>0x10472</value>
         <object_component_ref idref="oc-20d"/>
      </symbol>
      <symbol id="sm-1cf">
         <name>SPI_setState</name>
         <value>0x10454</value>
         <object_component_ref idref="oc-22c"/>
      </symbol>
      <symbol id="sm-1db">
         <name>__mspabi_remi</name>
         <value>0x103bc</value>
         <object_component_ref idref="oc-238"/>
      </symbol>
      <symbol id="sm-1dc">
         <name>__mspabi_divi</name>
         <value>0x103bc</value>
         <object_component_ref idref="oc-238"/>
      </symbol>
      <symbol id="sm-1e6">
         <name>__mspabi_remu</name>
         <value>0x104dc</value>
         <object_component_ref idref="oc-2ab"/>
      </symbol>
      <symbol id="sm-1e7">
         <name>__mspabi_divu</name>
         <value>0x104dc</value>
         <object_component_ref idref="oc-2ab"/>
      </symbol>
      <symbol id="sm-1ea">
         <name>__TI_int14</name>
         <value>0xffdc</value>
         <object_component_ref idref="oc-53"/>
      </symbol>
      <symbol id="sm-1ed">
         <name>__TI_int15</name>
         <value>0xffde</value>
         <object_component_ref idref="oc-54"/>
      </symbol>
      <symbol id="sm-1f0">
         <name>__TI_int16</name>
         <value>0xffe0</value>
         <object_component_ref idref="oc-55"/>
      </symbol>
      <symbol id="sm-1f3">
         <name>__TI_int17</name>
         <value>0xffe2</value>
         <object_component_ref idref="oc-56"/>
      </symbol>
      <symbol id="sm-1f6">
         <name>__TI_int18</name>
         <value>0xffe4</value>
         <object_component_ref idref="oc-57"/>
      </symbol>
      <symbol id="sm-1f9">
         <name>__TI_int19</name>
         <value>0xffe6</value>
         <object_component_ref idref="oc-58"/>
      </symbol>
      <symbol id="sm-1fc">
         <name>__TI_int20</name>
         <value>0xffe8</value>
         <object_component_ref idref="oc-59"/>
      </symbol>
      <symbol id="sm-1ff">
         <name>__TI_int21</name>
         <value>0xffea</value>
         <object_component_ref idref="oc-5a"/>
      </symbol>
      <symbol id="sm-202">
         <name>__TI_int22</name>
         <value>0xffec</value>
         <object_component_ref idref="oc-5b"/>
      </symbol>
      <symbol id="sm-205">
         <name>__TI_int23</name>
         <value>0xffee</value>
         <object_component_ref idref="oc-5c"/>
      </symbol>
      <symbol id="sm-208">
         <name>__TI_int24</name>
         <value>0xfff0</value>
         <object_component_ref idref="oc-5d"/>
      </symbol>
      <symbol id="sm-20b">
         <name>__TI_int25</name>
         <value>0xfff2</value>
         <object_component_ref idref="oc-5e"/>
      </symbol>
      <symbol id="sm-20e">
         <name>__TI_int26</name>
         <value>0xfff4</value>
         <object_component_ref idref="oc-5f"/>
      </symbol>
      <symbol id="sm-211">
         <name>__TI_int27</name>
         <value>0xfff6</value>
         <object_component_ref idref="oc-60"/>
      </symbol>
      <symbol id="sm-214">
         <name>__TI_int28</name>
         <value>0xfff8</value>
         <object_component_ref idref="oc-61"/>
      </symbol>
      <symbol id="sm-217">
         <name>__TI_int29</name>
         <value>0xfffa</value>
         <object_component_ref idref="oc-62"/>
      </symbol>
      <symbol id="sm-21a">
         <name>__TI_int30</name>
         <value>0xfffc</value>
         <object_component_ref idref="oc-63"/>
      </symbol>
      <symbol id="sm-222">
         <name>__TI_ISR_TRAP</name>
         <value>0x311c</value>
         <object_component_ref idref="oc-178"/>
      </symbol>
      <symbol id="sm-22a">
         <name>__mspabi_mpyi_hw</name>
         <value>0x104c4</value>
         <object_component_ref idref="oc-2b1"/>
      </symbol>
      <symbol id="sm-23e">
         <name>_stack</name>
         <value>0x30b0</value>
         <object_component_ref idref="oc-15c"/>
      </symbol>
      <symbol id="sm-23f">
         <name>_c_int00_noargs</name>
         <value>0x3100</value>
         <object_component_ref idref="oc-18f"/>
      </symbol>
      <symbol id="sm-240">
         <name>_reset_vector</name>
         <value>0xfffe</value>
         <object_component_ref idref="oc-15f"/>
      </symbol>
      <symbol id="sm-263">
         <name>__TI_auto_init_nobinit_nopinit_hold_wdt</name>
         <value>0x10328</value>
         <object_component_ref idref="oc-268"/>
      </symbol>
      <symbol id="sm-276">
         <name>__TI_zero_init_nomemset</name>
         <value>0x10410</value>
         <object_component_ref idref="oc-17d"/>
      </symbol>
      <symbol id="sm-286">
         <name>_system_pre_init</name>
         <value>0x1053e</value>
         <object_component_ref idref="oc-1d3"/>
      </symbol>
      <symbol id="sm-28f">
         <name>_system_post_cinit</name>
         <value>0x10542</value>
         <object_component_ref idref="oc-2cd"/>
      </symbol>
      <symbol id="sm-2a0">
         <name>__TI_decompress_none</name>
         <value>0x1051a</value>
         <object_component_ref idref="oc-4d"/>
      </symbol>
      <symbol id="sm-2c3">
         <name>__TI_decompress_lzss</name>
         <value>0x10250</value>
         <object_component_ref idref="oc-47"/>
      </symbol>
      <symbol id="sm-2cd">
         <name>C$$EXIT</name>
         <value>0x10538</value>
         <object_component_ref idref="oc-244"/>
      </symbol>
      <symbol id="sm-2ce">
         <name>abort</name>
         <value>0x10538</value>
         <object_component_ref idref="oc-244"/>
      </symbol>
      <symbol id="sm-2e3">
         <name>atoi</name>
         <value>0x102c6</value>
         <object_component_ref idref="oc-23d"/>
      </symbol>
      <symbol id="sm-2ed">
         <name>_ctypes_</name>
         <value>0x3124</value>
         <object_component_ref idref="oc-2b6"/>
      </symbol>
      <symbol id="sm-2fb">
         <name>memcpy</name>
         <value>0x10506</value>
         <object_component_ref idref="oc-16b"/>
      </symbol>
      <symbol id="sm-309">
         <name>strcmp</name>
         <value>0x1048e</value>
         <object_component_ref idref="oc-223"/>
      </symbol>
   </symbol_table>
   <title>Link successful</title>
</link_info>
