******************************************************************************
                  MSP430 Linker PC v21.6.0                     
******************************************************************************
>> Linked Sat Apr  8 12:40:34 2023

OUTPUT FILE NAME:   <ACM-CySec.out>
ENTRY POINT SYMBOL: "_c_int00_noargs"  address: 000089c8


MEMORY CONFIGURATION

         name            origin    length      used     unused   attr    fill
----------------------  --------  ---------  --------  --------  ----  --------
  SFR                   00000000   00000010  00000000  00000010  RWIX
  PERIPHERALS_8BIT      00000010   000000f0  00000000  000000f0  RWIX
  PERIPHERALS_16BIT     00000100   00000100  00000000  00000100  RWIX
  INFOD                 00001800   00000080  00000000  00000080  RWIX
  INFOC                 00001880   00000080  00000000  00000080  RWIX
  INFOB                 00001900   00000080  00000000  00000080  RWIX
  INFOA                 00001980   00000080  00000000  00000080  RWIX
  USBRAM                00001c00   00000800  00000000  00000800  RWIX
  RAM                   00002400   00002000  00001a3a  000005c6  RWIX
  FLASH                 00004400   0000bb80  0000496e  00007212  RWIX
  INT00                 0000ff80   00000002  00000000  00000002  RWIX
  INT01                 0000ff82   00000002  00000000  00000002  RWIX
  INT02                 0000ff84   00000002  00000000  00000002  RWIX
  INT03                 0000ff86   00000002  00000000  00000002  RWIX
  INT04                 0000ff88   00000002  00000000  00000002  RWIX
  INT05                 0000ff8a   00000002  00000000  00000002  RWIX
  INT06                 0000ff8c   00000002  00000000  00000002  RWIX
  INT07                 0000ff8e   00000002  00000000  00000002  RWIX
  INT08                 0000ff90   00000002  00000000  00000002  RWIX
  INT09                 0000ff92   00000002  00000000  00000002  RWIX
  INT10                 0000ff94   00000002  00000000  00000002  RWIX
  INT11                 0000ff96   00000002  00000000  00000002  RWIX
  INT12                 0000ff98   00000002  00000000  00000002  RWIX
  INT13                 0000ff9a   00000002  00000000  00000002  RWIX
  INT14                 0000ff9c   00000002  00000000  00000002  RWIX
  INT15                 0000ff9e   00000002  00000000  00000002  RWIX
  INT16                 0000ffa0   00000002  00000000  00000002  RWIX
  INT17                 0000ffa2   00000002  00000000  00000002  RWIX
  INT18                 0000ffa4   00000002  00000000  00000002  RWIX
  INT19                 0000ffa6   00000002  00000000  00000002  RWIX
  INT20                 0000ffa8   00000002  00000000  00000002  RWIX
  INT21                 0000ffaa   00000002  00000000  00000002  RWIX
  INT22                 0000ffac   00000002  00000000  00000002  RWIX
  INT23                 0000ffae   00000002  00000000  00000002  RWIX
  INT24                 0000ffb0   00000002  00000000  00000002  RWIX
  INT25                 0000ffb2   00000002  00000000  00000002  RWIX
  INT26                 0000ffb4   00000002  00000000  00000002  RWIX
  INT27                 0000ffb6   00000002  00000000  00000002  RWIX
  INT28                 0000ffb8   00000002  00000000  00000002  RWIX
  INT29                 0000ffba   00000002  00000000  00000002  RWIX
  INT30                 0000ffbc   00000002  00000000  00000002  RWIX
  INT31                 0000ffbe   00000002  00000000  00000002  RWIX
  INT32                 0000ffc0   00000002  00000000  00000002  RWIX
  INT33                 0000ffc2   00000002  00000000  00000002  RWIX
  INT34                 0000ffc4   00000002  00000000  00000002  RWIX
  INT35                 0000ffc6   00000002  00000000  00000002  RWIX
  INT36                 0000ffc8   00000002  00000000  00000002  RWIX
  INT37                 0000ffca   00000002  00000000  00000002  RWIX
  INT38                 0000ffcc   00000002  00000000  00000002  RWIX
  INT39                 0000ffce   00000002  00000000  00000002  RWIX
  INT40                 0000ffd0   00000002  00000000  00000002  RWIX
  INT41                 0000ffd2   00000002  00000002  00000000  RWIX
  INT42                 0000ffd4   00000002  00000002  00000000  RWIX
  INT43                 0000ffd6   00000002  00000002  00000000  RWIX
  INT44                 0000ffd8   00000002  00000002  00000000  RWIX
  INT45                 0000ffda   00000002  00000002  00000000  RWIX
  INT46                 0000ffdc   00000002  00000002  00000000  RWIX
  INT47                 0000ffde   00000002  00000002  00000000  RWIX
  INT48                 0000ffe0   00000002  00000002  00000000  RWIX
  INT49                 0000ffe2   00000002  00000002  00000000  RWIX
  INT50                 0000ffe4   00000002  00000002  00000000  RWIX
  INT51                 0000ffe6   00000002  00000002  00000000  RWIX
  INT52                 0000ffe8   00000002  00000002  00000000  RWIX
  INT53                 0000ffea   00000002  00000002  00000000  RWIX
  INT54                 0000ffec   00000002  00000002  00000000  RWIX
  INT55                 0000ffee   00000002  00000002  00000000  RWIX
  INT56                 0000fff0   00000002  00000002  00000000  RWIX
  INT57                 0000fff2   00000002  00000002  00000000  RWIX
  INT58                 0000fff4   00000002  00000002  00000000  RWIX
  INT59                 0000fff6   00000002  00000002  00000000  RWIX
  INT60                 0000fff8   00000002  00000002  00000000  RWIX
  INT61                 0000fffa   00000002  00000002  00000000  RWIX
  INT62                 0000fffc   00000002  00000002  00000000  RWIX
  RESET                 0000fffe   00000002  00000002  00000000  RWIX
  FLASH2                00010000   000143f8  00000000  000143f8  RWIX


SECTION ALLOCATION MAP

 output                                  attributes/
section   page    origin      length       input sections
--------  ----  ----------  ----------   ----------------
.data      0    000030d8    000000fe     UNINITIALIZED
                  000030d8    00000078     rts430_eabi.lib : defs.c.obj (.data:_ftable)
                  00003150    0000004e                     : host_device.c.obj (.data:_device)
                  0000319e    00000028                     : host_device.c.obj (.data:_stream)
                  000031c6    00000002                     : exit_gvars.c.obj (.data:__TI_cleanup_ptr)
                  000031c8    00000002                     : exit_gvars.c.obj (.data:__TI_dtors_ptr)
                  000031ca    00000002                     : _lock.c.obj (.data:_lock)
                  000031cc    00000002                     : _lock.c.obj (.data:_unlock)
                  000031ce    00000002                     : defs.c.obj (.data)
                  000031d0    00000002                     : errno.c.obj (.data)
                  000031d2    00000002                     : exit.c.obj (.data)
                  000031d4    00000002                     : memory.c.obj (.data)

.bss       0    000031d6    000000ac     UNINITIALIZED
                  000031d6    000000a0     (.common:__TI_tmpnams)
                  00003276    00000008     (.common:parmbuf)
                  0000327e    00000002     rts430_eabi.lib : memory.c.obj (.bss)
                  00003280    00000002     (.common:stringCharTotal)

.sysmem    0    00002400    00000bb8     UNINITIALIZED
                  00002400    00000008     rts430_eabi.lib : memory.c.obj (.sysmem)
                  00002408    00000bb0     --HOLE--

.cio       0    00002fb8    00000120     UNINITIALIZED
                  00002fb8    00000120     rts430_eabi.lib : trgmsg.c.obj (.cio)

.stack     0    00003848    00000bb8     UNINITIALIZED
                  00003848    00000002     rts430_eabi.lib : boot.c.obj (.stack)
                  0000384a    00000bb6     --HOLE--

.text      0    00004400    0000476e     
                  00004400    00000736     rts430_eabi.lib : addd.c.obj (.text:__mspabi_addd)
                  00004b36    00000478                     : frcdivd.c.obj (.text:__TI_frcdivd)
                  00004fae    00000360                     : div64u.c.obj (.text:__mspabi_divull)
                  0000530e    000002c0                     : mpyd.c.obj (.text:__mspabi_mpyd)
                  000055ce    00000288                     : _printfi.c.obj (.text:__TI_printfi:__TI_printfi)
                  00005856    0000026e                     : _printfi.c.obj (.text:_pproc_fgea)
                  00005ac4    00000252                     : _printfi.c.obj (.text:__TI_printfi:_setfield___TI_printfi)
                  00005d16    00000244                     : _printfi.c.obj (.text:acvt)
                  00005f5a    00000238                     : divd.c.obj (.text:__mspabi_divd)
                  00006192    000001ec                     : _printfi.c.obj (.text:__TI_printfi:_getarg_diouxp___TI_printfi)
                  0000637e    000001de                     : _printfi.c.obj (.text:ecvt)
                  0000655c    000001c4                     : _printfi.c.obj (.text:fcvt)
                  00006720    000001a6                     : _printfi.c.obj (.text:_pconv_e)
                  000068c6    00000174                     : _printfi.c.obj (.text:_pconv_a)
                  00006a3a    00000172                     : frcmpyd.c.obj (.text:__TI_frcmpyd)
                  00006bac    0000016a                     : s_scalbn.c.obj (.text:scalbn)
                  00006d16    0000014c                     : _printfi.c.obj (.text:__TI_printfi:_pproc_diouxp___TI_printfi)
                  00006e62    0000012e                     : _printfi.c.obj (.text:__TI_printfi:_ltostr___TI_printfi)
                  00006f90    000000f8                     : _printfi.c.obj (.text:_pconv_g)
                  00007088    000000f6                     : memory.c.obj (.text:aligned_alloc)
                  0000717e    000000ea                     : fputs.c.obj (.text:fputs)
                  00007268    000000e0                     : _printfi.c.obj (.text:__TI_printfi:_pproc_fwp___TI_printfi)
                  00007348    000000dc                     : cmpd.c.obj (.text:__mspabi_cmpd)
                  00007424    000000d2                     : memory.c.obj (.text:free)
                  000074f6    000000d0                     : setvbuf.c.obj (.text:setvbuf)
                  000075c6    000000c4                     : _printfi.c.obj (.text:__TI_printfi:_pproc_wstr___TI_printfi)
                  0000768a    000000b8     main.obj (.text:countLetters)
                  00007742    000000b0     rts430_eabi.lib : s_frexp.c.obj (.text:frexp)
                  000077f2    000000ac                     : _printfi.c.obj (.text:__TI_printfi:_pproc_str___TI_printfi)
                  0000789e    000000ac                     : fltlid.c.obj (.text:__mspabi_fltlid)
                  0000794a    00000092                     : _printfi.c.obj (.text:_mcpy)
                  000079dc    00000090                     : fputc.c.obj (.text:fputc)
                  00007a6c    0000008e                     : _printfi.c.obj (.text:_ecpy)
                  00007afa    00000088                     : hostlseek.c.obj (.text:HOSTlseek)
                  00007b82    00000084                     : _ltoa.c.obj (.text:__TI_ltoa)
                  00007c06    0000007c                     : copy_decompress_lzss.c.obj (.text:decompress:lzss:__TI_decompress_lzss)
                  00007c82    0000007a                     : _io_perm.c.obj (.text:__TI_wrt_ok)
                  00007cfc    0000007a                     : _printfi.c.obj (.text:_pconv_f)
                  00007d76    00000072                     : fclose.c.obj (.text:__TI_closefile)
                  00007de8    00000072                     : fixdli.c.obj (.text:__mspabi_fixdli)
                  00007e5a    00000070                     : fseek.c.obj (.text:fseeko)
                  00007eca    0000006a                     : hostrename.c.obj (.text:HOSTrename)
                  00007f34    00000068                     : memory.c.obj (.text:split)
                  00007f9c    00000066                     : hostopen.c.obj (.text:HOSTopen)
                  00008002    00000062                     : hostwrite.c.obj (.text:HOSTwrite)
                  00008064    00000062                     : fflush.c.obj (.text:__TI_doflush)
                  000080c6    00000060                     : hostread.c.obj (.text:HOSTread)
                  00008126    0000005e                     : mult64_f5hw.asm.obj (.text:__mpyll)
                  00008184    0000005c                     : lsr32.asm.obj (.text:l_lsr_const)
                  000081e0    00000058                     : autoinit.c.obj (.text:__TI_auto_init_nobinit_nopinit_hold_wdt:__TI_auto_init_nobinit_nopinit_hold_wdt)
                  00008238    00000058                     : getdevice.c.obj (.text:getdevice)
                  00008290    00000058                     : div32u.asm.obj (.text)
                  000082e8    00000052                     : atoi.c.obj (.text:atoi)
                  0000833a    0000004e                     : _printfi.c.obj (.text:_fcpy)
                  00008388    0000004c                     : lsr16.asm.obj (.text)
                  000083d4    0000004a                     : asr64.c.obj (.text:__mspabi_srall)
                  0000841e    0000004a                     : close.c.obj (.text:close)
                  00008468    00000046                     : lsr64.c.obj (.text:__mspabi_srlll)
                  000084ae    00000044                     : hostclose.c.obj (.text:HOSTclose)
                  000084f2    00000044                     : lsl64.c.obj (.text:__mspabi_sllll)
                  00008536    00000044                     : exit.c.obj (.text:exit)
                  0000857a    00000040                     : hostunlink.c.obj (.text:HOSTunlink)
                  000085ba    00000040                     : div32s.asm.obj (.text)
                  000085fa    0000003e                     : asr32.asm.obj (.text:l_asr_const)
                  00008638    0000003e                     : lsl32.asm.obj (.text:l_lsl_const)
                  00008676    0000003c                     : printf.c.obj (.text:printf)
                  000086b2    00000034                     : fopen.c.obj (.text:__TI_cleanup)
                  000086e6    00000034                     : getdevice.c.obj (.text:finddevice)
                  0000871a    0000002e                     : trgmsg.c.obj (.text:__TI_writemsg)
                  00008748    0000002e                     : subd.c.obj (.text:__mspabi_subd)
                  00008776    0000002e                     : s_copysign.c.obj (.text:copysign)
                  000087a4    0000002c                     : trgmsg.c.obj (.text:__TI_readmsg)
                  000087d0    0000002c                     : asr16.asm.obj (.text)
                  000087fc    0000002c                     : lsl16.asm.obj (.text)
                  00008828    0000002c                     : strncpy.c.obj (.text:strncpy)
                  00008854    0000002a                     : negd.c.obj (.text:__mspabi_negd)
                  0000887e    00000028                     : mult3264_f5hw.asm.obj (.text:__mpyull)
                  000088a6    00000028                     : fixdi.c.obj (.text:__mspabi_fixdi)
                  000088ce    00000028                     : memory.c.obj (.text:free_list_insert)
                  000088f6    00000028                     : unlink.c.obj (.text:unlink)
                  0000891e    00000026                     : lseek.c.obj (.text:lseek)
                  00008944    00000024                     : write.c.obj (.text:write)
                  00008968    00000022                     : memccpy.c.obj (.text:memccpy)
                  0000898a    00000020                     : mult32_f5hw.asm.obj (.text)
                  000089aa    0000001e     main.obj (.text:printOutput)
                  000089c8    0000001c     rts430_eabi.lib : boot.c.obj (.text:_c_int00_noargs)
                  000089e4    0000001c                     : memory.c.obj (.text:free_list_remove)
                  00008a00    0000001c     main.obj (.text:main)
                  00008a1c    0000001a     rts430_eabi.lib : strchr.c.obj (.text:strchr)
                  00008a36    00000018                     : strcmp.c.obj (.text:strcmp)
                  00008a4e    00000016                     : div16u.asm.obj (.text)
                  00008a64    00000014                     : copy_zero_init.c.obj (.text:decompress:ZI:__TI_zero_init_nomemset:__TI_zero_init_nomemset)
                  00008a78    00000014                     : memchr.c.obj (.text:memchr)
                  00008a8c    00000014                     : memset.c.obj (.text:memset)
                  00008aa0    00000014                     : mult16_f5hw.asm.obj (.text)
                  00008ab4    00000014                     : wcslen.c.obj (.text:wcslen)
                  00008ac8    00000012                     : copy_decompress_none.c.obj (.text:decompress:none:__TI_decompress_none)
                  00008ada    00000012                     : lsr32.asm.obj (.text:l_lsr)
                  00008aec    00000012                     : memcpy.c.obj (.text:memcpy)
                  00008afe    00000010                     : epilog.asm.obj (.text)
                  00008b0e    00000010                     : strcpy.c.obj (.text:strcpy)
                  00008b1e    0000000e                     : strlen.c.obj (.text:strlen)
                  00008b2c    0000000c                     : fltid.c.obj (.text:__mspabi_fltid)
                  00008b38    0000000c                     : toupper.c.obj (.text:toupper)
                  00008b44    0000000a                     : abs.c.obj (.text:abs)
                  00008b4e    00000008                     : memory.c.obj (.text:malloc)
                  00008b56    00000006                     : printf.c.obj (.text:_outc)
                  00008b5c    00000006                     : exit.c.obj (.text:abort)
                  00008b62    00000004                     : printf.c.obj (.text:_outs)
                  00008b66    00000004                     : pre_init.c.obj (.text:_system_pre_init)
                  00008b6a    00000002                     : _lock.c.obj (.text:_nop)
                  00008b6c    00000002                     : startup.c.obj (.text:_system_post_cinit)

.const     0    00008b6e    000001a2     
                  00008b6e    00000101     rts430_eabi.lib : ctype.c.obj (.const:.string:_ctypes_)
                  00008c6f    00000001     --HOLE-- [fill = 0]
                  00008c70    00000064     main.obj (.const:.string:input1)
                  00008cd4    00000026     rts430_eabi.lib : _printfi.c.obj (.const:.string)
                  00008cfa    00000016     main.obj (.const:.string)

.text:_isr 
*          0    00008d10    00000008     
                  00008d10    00000008     rts430_eabi.lib : isr_trap.asm.obj (.text:_isr:__TI_ISR_TRAP)

.cinit     0    00008d18    00000056     
                  00008d18    00000044     (.cinit..data.load) [load image, compression = lzss]
                  00008d5c    00000006     (__TI_handler_table)
                  00008d62    00000004     (.cinit..bss.load) [load image, compression = zero_init]
                  00008d66    00000008     (__TI_cinit_table)

.binit     0    00004400    00000000     

.init_array 
*          0    00004400    00000000     UNINITIALIZED

RTC        0    0000ffd2    00000002     
                  0000ffd2    00000002     rts430_eabi.lib : int41.asm.obj (.int41)

PORT2      0    0000ffd4    00000002     
                  0000ffd4    00000002     rts430_eabi.lib : int42.asm.obj (.int42)

TIMER2_A1 
*          0    0000ffd6    00000002     
                  0000ffd6    00000002     rts430_eabi.lib : int43.asm.obj (.int43)

TIMER2_A0 
*          0    0000ffd8    00000002     
                  0000ffd8    00000002     rts430_eabi.lib : int44.asm.obj (.int44)

USCI_B1    0    0000ffda    00000002     
                  0000ffda    00000002     rts430_eabi.lib : int45.asm.obj (.int45)

USCI_A1    0    0000ffdc    00000002     
                  0000ffdc    00000002     rts430_eabi.lib : int46.asm.obj (.int46)

PORT1      0    0000ffde    00000002     
                  0000ffde    00000002     rts430_eabi.lib : int47.asm.obj (.int47)

TIMER1_A1 
*          0    0000ffe0    00000002     
                  0000ffe0    00000002     rts430_eabi.lib : int48.asm.obj (.int48)

TIMER1_A0 
*          0    0000ffe2    00000002     
                  0000ffe2    00000002     rts430_eabi.lib : int49.asm.obj (.int49)

DMA        0    0000ffe4    00000002     
                  0000ffe4    00000002     rts430_eabi.lib : int50.asm.obj (.int50)

USB_UBM    0    0000ffe6    00000002     
                  0000ffe6    00000002     rts430_eabi.lib : int51.asm.obj (.int51)

TIMER0_A1 
*          0    0000ffe8    00000002     
                  0000ffe8    00000002     rts430_eabi.lib : int52.asm.obj (.int52)

TIMER0_A0 
*          0    0000ffea    00000002     
                  0000ffea    00000002     rts430_eabi.lib : int53.asm.obj (.int53)

ADC12      0    0000ffec    00000002     
                  0000ffec    00000002     rts430_eabi.lib : int54.asm.obj (.int54)

USCI_B0    0    0000ffee    00000002     
                  0000ffee    00000002     rts430_eabi.lib : int55.asm.obj (.int55)

USCI_A0    0    0000fff0    00000002     
                  0000fff0    00000002     rts430_eabi.lib : int56.asm.obj (.int56)

WDT        0    0000fff2    00000002     
                  0000fff2    00000002     rts430_eabi.lib : int57.asm.obj (.int57)

TIMER0_B1 
*          0    0000fff4    00000002     
                  0000fff4    00000002     rts430_eabi.lib : int58.asm.obj (.int58)

TIMER0_B0 
*          0    0000fff6    00000002     
                  0000fff6    00000002     rts430_eabi.lib : int59.asm.obj (.int59)

COMP_B     0    0000fff8    00000002     
                  0000fff8    00000002     rts430_eabi.lib : int60.asm.obj (.int60)

UNMI       0    0000fffa    00000002     
                  0000fffa    00000002     rts430_eabi.lib : int61.asm.obj (.int61)

SYSNMI     0    0000fffc    00000002     
                  0000fffc    00000002     rts430_eabi.lib : int62.asm.obj (.int62)

.reset     0    0000fffe    00000002     
                  0000fffe    00000002     rts430_eabi.lib : boot.c.obj (.reset)

MODULE SUMMARY

       Module                       code    ro data   rw data
       ------                       ----    -------   -------
    .\
       main.obj                     242     122       2      
    +--+----------------------------+-------+---------+---------+
       Total:                       242     122       2      
                                                             
    C:\ti\ccs1200\ccs\tools\compiler\ti-cgt-msp430_21.6.0.LTS\lib\rts430_eabi.lib
       _printfi.c.obj               6622    38        0      
       addd.c.obj                   1846    0         0      
       frcdivd.c.obj                1144    0         0      
       div64u.c.obj                 864     0         0      
       mpyd.c.obj                   704     0         0      
       memory.c.obj                 636     0         4      
       divd.c.obj                   568     0         0      
       trgmsg.c.obj                 90      0         288    
       frcmpyd.c.obj                370     0         0      
       s_scalbn.c.obj               362     0         0      
       defs.c.obj                   0       0         282    
       ctype.c.obj                  0       257       0      
       fputs.c.obj                  234     0         0      
       cmpd.c.obj                   220     0         0      
       setvbuf.c.obj                208     0         0      
       s_frexp.c.obj                176     0         0      
       fltlid.c.obj                 172     0         0      
       fputc.c.obj                  144     0         0      
       getdevice.c.obj              140     0         0      
       hostlseek.c.obj              136     0         0      
       _ltoa.c.obj                  132     0         0      
       copy_decompress_lzss.c.obj   124     0         0      
       _io_perm.c.obj               122     0         0      
       host_device.c.obj            0       0         118    
       fclose.c.obj                 114     0         0      
       fixdli.c.obj                 114     0         0      
       fseek.c.obj                  112     0         0      
       hostopen.c.obj               102     0         8      
       lsr32.asm.obj                110     0         0      
       hostrename.c.obj             106     0         0      
       fflush.c.obj                 98      0         0      
       hostwrite.c.obj              98      0         0      
       hostread.c.obj               96      0         0      
       mult64_f5hw.asm.obj          94      0         0      
       autoinit.c.obj               88      0         0      
       div32u.asm.obj               88      0         0      
       atoi.c.obj                   82      0         0      
       exit.c.obj                   74      0         2      
       lsr16.asm.obj                76      0         0      
       asr64.c.obj                  74      0         0      
       close.c.obj                  74      0         0      
       lsr64.c.obj                  70      0         0      
       printf.c.obj                 70      0         0      
       hostclose.c.obj              68      0         0      
       lsl64.c.obj                  68      0         0      
       div32s.asm.obj               64      0         0      
       hostunlink.c.obj             64      0         0      
       asr32.asm.obj                62      0         0      
       lsl32.asm.obj                62      0         0      
       fopen.c.obj                  52      0         0      
       s_copysign.c.obj             46      0         0      
       subd.c.obj                   46      0         0      
       asr16.asm.obj                44      0         0      
       lsl16.asm.obj                44      0         0      
       strncpy.c.obj                44      0         0      
       negd.c.obj                   42      0         0      
       fixdi.c.obj                  40      0         0      
       mult3264_f5hw.asm.obj        40      0         0      
       unlink.c.obj                 40      0         0      
       lseek.c.obj                  38      0         0      
       write.c.obj                  36      0         0      
       memccpy.c.obj                34      0         0      
       mult32_f5hw.asm.obj          32      0         0      
       boot.c.obj                   28      2         0      
       strchr.c.obj                 26      0         0      
       strcmp.c.obj                 24      0         0      
       div16u.asm.obj               22      0         0      
       copy_zero_init.c.obj         20      0         0      
       memchr.c.obj                 20      0         0      
       memset.c.obj                 20      0         0      
       mult16_f5hw.asm.obj          20      0         0      
       wcslen.c.obj                 20      0         0      
       copy_decompress_none.c.obj   18      0         0      
       memcpy.c.obj                 18      0         0      
       epilog.asm.obj               16      0         0      
       strcpy.c.obj                 16      0         0      
       strlen.c.obj                 14      0         0      
       fltid.c.obj                  12      0         0      
       toupper.c.obj                12      0         0      
       abs.c.obj                    10      0         0      
       isr_trap.asm.obj             8       0         0      
       _lock.c.obj                  2       0         4      
       exit_gvars.c.obj             0       0         4      
       pre_init.c.obj               4       0         0      
       errno.c.obj                  0       0         2      
       int41.asm.obj                0       2         0      
       int42.asm.obj                0       2         0      
       int43.asm.obj                0       2         0      
       int44.asm.obj                0       2         0      
       int45.asm.obj                0       2         0      
       int46.asm.obj                0       2         0      
       int47.asm.obj                0       2         0      
       int48.asm.obj                0       2         0      
       int49.asm.obj                0       2         0      
       int50.asm.obj                0       2         0      
       int51.asm.obj                0       2         0      
       int52.asm.obj                0       2         0      
       int53.asm.obj                0       2         0      
       int54.asm.obj                0       2         0      
       int55.asm.obj                0       2         0      
       int56.asm.obj                0       2         0      
       int57.asm.obj                0       2         0      
       int58.asm.obj                0       2         0      
       int59.asm.obj                0       2         0      
       int60.asm.obj                0       2         0      
       int61.asm.obj                0       2         0      
       int62.asm.obj                0       2         0      
       startup.c.obj                2       0         0      
    +--+----------------------------+-------+---------+---------+
       Total:                       18052   341       712    
                                                             
       Heap:                        0       0         3000   
       Stack:                       0       0         3000   
       Linker Generated:            0       86        0      
    +--+----------------------------+-------+---------+---------+
       Grand Total:                 18294   549       6714   


LINKER GENERATED COPY TABLES

__TI_cinit_table @ 00008d66 records: 2, size/record: 4, table size: 8
	.data: load addr=00008d18, load size=00000044 bytes, run addr=000030d8, run size=000000fe bytes, compression=lzss
	.bss: load addr=00008d62, load size=00000004 bytes, run addr=000031d6, run size=000000ac bytes, compression=zero_init


LINKER GENERATED HANDLER TABLE

__TI_handler_table @ 00008d5c records: 3, size/record: 2, table size: 6
	index: 0, handler: __TI_zero_init
	index: 1, handler: __TI_decompress_lzss
	index: 2, handler: __TI_decompress_none


GLOBAL SYMBOLS: SORTED ALPHABETICALLY BY Name 

address   name                                   
-------   ----                                   
00000700  ADC12CTL0                              
00000701  ADC12CTL0_H                            
00000700  ADC12CTL0_L                            
00000702  ADC12CTL1                              
00000703  ADC12CTL1_H                            
00000702  ADC12CTL1_L                            
00000704  ADC12CTL2                              
00000705  ADC12CTL2_H                            
00000704  ADC12CTL2_L                            
0000070c  ADC12IE                                
0000070d  ADC12IE_H                              
0000070c  ADC12IE_L                              
0000070a  ADC12IFG                               
0000070b  ADC12IFG_H                             
0000070a  ADC12IFG_L                             
0000070e  ADC12IV                                
0000070f  ADC12IV_H                              
0000070e  ADC12IV_L                              
00000710  ADC12MCTL0                             
00000711  ADC12MCTL1                             
0000071a  ADC12MCTL10                            
0000071b  ADC12MCTL11                            
0000071c  ADC12MCTL12                            
0000071d  ADC12MCTL13                            
0000071e  ADC12MCTL14                            
0000071f  ADC12MCTL15                            
00000712  ADC12MCTL2                             
00000713  ADC12MCTL3                             
00000714  ADC12MCTL4                             
00000715  ADC12MCTL5                             
00000716  ADC12MCTL6                             
00000717  ADC12MCTL7                             
00000718  ADC12MCTL8                             
00000719  ADC12MCTL9                             
00000720  ADC12MEM0                              
00000721  ADC12MEM0_H                            
00000720  ADC12MEM0_L                            
00000722  ADC12MEM1                              
00000734  ADC12MEM10                             
00000735  ADC12MEM10_H                           
00000734  ADC12MEM10_L                           
00000736  ADC12MEM11                             
00000737  ADC12MEM11_H                           
00000736  ADC12MEM11_L                           
00000738  ADC12MEM12                             
00000739  ADC12MEM12_H                           
00000738  ADC12MEM12_L                           
0000073a  ADC12MEM13                             
0000073b  ADC12MEM13_H                           
0000073a  ADC12MEM13_L                           
0000073c  ADC12MEM14                             
0000073d  ADC12MEM14_H                           
0000073c  ADC12MEM14_L                           
0000073e  ADC12MEM15                             
0000073f  ADC12MEM15_H                           
0000073e  ADC12MEM15_L                           
00000723  ADC12MEM1_H                            
00000722  ADC12MEM1_L                            
00000724  ADC12MEM2                              
00000725  ADC12MEM2_H                            
00000724  ADC12MEM2_L                            
00000726  ADC12MEM3                              
00000727  ADC12MEM3_H                            
00000726  ADC12MEM3_L                            
00000728  ADC12MEM4                              
00000729  ADC12MEM4_H                            
00000728  ADC12MEM4_L                            
0000072a  ADC12MEM5                              
0000072b  ADC12MEM5_H                            
0000072a  ADC12MEM5_L                            
0000072c  ADC12MEM6                              
0000072d  ADC12MEM6_H                            
0000072c  ADC12MEM6_L                            
0000072e  ADC12MEM7                              
0000072f  ADC12MEM7_H                            
0000072e  ADC12MEM7_L                            
00000730  ADC12MEM8                              
00000731  ADC12MEM8_H                            
00000730  ADC12MEM8_L                            
00000732  ADC12MEM9                              
00000733  ADC12MEM9_H                            
00000732  ADC12MEM9_L                            
00008b5c  C$$EXIT                                
00008744  C$$IO$$                                
000008c0  CBCTL0                                 
000008c1  CBCTL0_H                               
000008c0  CBCTL0_L                               
000008c2  CBCTL1                                 
000008c3  CBCTL1_H                               
000008c2  CBCTL1_L                               
000008c4  CBCTL2                                 
000008c5  CBCTL2_H                               
000008c4  CBCTL2_L                               
000008c6  CBCTL3                                 
000008c7  CBCTL3_H                               
000008c6  CBCTL3_L                               
000008cc  CBINT                                  
000008cd  CBINT_H                                
000008cc  CBINT_L                                
000008ce  CBIV                                   
00000150  CRCDI                                  
00000152  CRCDIRB                                
00000153  CRCDIRB_H                              
00000152  CRCDIRB_L                              
00000151  CRCDI_H                                
00000150  CRCDI_L                                
00000154  CRCINIRES                              
00000155  CRCINIRES_H                            
00000154  CRCINIRES_L                            
00000156  CRCRESR                                
00000157  CRCRESR_H                              
00000156  CRCRESR_L                              
00000510  DMA0CTL                                
00000516  DMA0DA                                 
00000518  DMA0DAH                                
00000516  DMA0DAL                                
00000512  DMA0SA                                 
00000514  DMA0SAH                                
00000512  DMA0SAL                                
0000051a  DMA0SZ                                 
00000520  DMA1CTL                                
00000526  DMA1DA                                 
00000528  DMA1DAH                                
00000526  DMA1DAL                                
00000522  DMA1SA                                 
00000524  DMA1SAH                                
00000522  DMA1SAL                                
0000052a  DMA1SZ                                 
00000530  DMA2CTL                                
00000536  DMA2DA                                 
00000538  DMA2DAH                                
00000536  DMA2DAL                                
00000532  DMA2SA                                 
00000534  DMA2SAH                                
00000532  DMA2SAL                                
0000053a  DMA2SZ                                 
00000500  DMACTL0                                
00000502  DMACTL1                                
00000504  DMACTL2                                
00000506  DMACTL3                                
00000508  DMACTL4                                
0000050e  DMAIV                                  
00000140  FCTL1                                  
00000141  FCTL1_H                                
00000140  FCTL1_L                                
00000144  FCTL3                                  
00000145  FCTL3_H                                
00000144  FCTL3_L                                
00000146  FCTL4                                  
00000147  FCTL4_H                                
00000146  FCTL4_L                                
000084ae  HOSTclose                              
00007afa  HOSTlseek                              
00007f9c  HOSTopen                               
000080c6  HOSTread                               
00007eca  HOSTrename                             
0000857a  HOSTunlink                             
00008002  HOSTwrite                              
000004c4  MAC                                    
000004da  MAC32H                                 
000004db  MAC32H_H                               
000004da  MAC32H_L                               
000004d8  MAC32L                                 
000004d9  MAC32L_H                               
000004d8  MAC32L_L                               
000004c6  MACS                                   
000004de  MACS32H                                
000004df  MACS32H_H                              
000004de  MACS32H_L                              
000004dc  MACS32L                                
000004dd  MACS32L_H                              
000004dc  MACS32L_L                              
000004c7  MACS_H                                 
000004c6  MACS_L                                 
000004c5  MAC_H                                  
000004c4  MAC_L                                  
000004c0  MPY                                    
000004ec  MPY32CTL0                              
000004ed  MPY32CTL0_H                            
000004ec  MPY32CTL0_L                            
000004d2  MPY32H                                 
000004d3  MPY32H_H                               
000004d2  MPY32H_L                               
000004d0  MPY32L                                 
000004d1  MPY32L_H                               
000004d0  MPY32L_L                               
000004c2  MPYS                                   
000004d6  MPYS32H                                
000004d7  MPYS32H_H                              
000004d6  MPYS32H_L                              
000004d4  MPYS32L                                
000004d5  MPYS32L_H                              
000004d4  MPYS32L_L                              
000004c3  MPYS_H                                 
000004c2  MPYS_L                                 
000004c1  MPY_H                                  
000004c0  MPY_L                                  
000004c8  OP2                                    
000004e2  OP2H                                   
000004e3  OP2H_H                                 
000004e2  OP2H_L                                 
000004e0  OP2L                                   
000004e1  OP2L_H                                 
000004e0  OP2L_L                                 
000004c9  OP2_H                                  
000004c8  OP2_L                                  
0000020e  P1IV                                   
0000021e  P2IV                                   
000001e0  P4MAP01                                
000001e1  P4MAP01_H                              
000001e0  P4MAP01_L                              
000001e2  P4MAP23                                
000001e3  P4MAP23_H                              
000001e2  P4MAP23_L                              
000001e4  P4MAP45                                
000001e5  P4MAP45_H                              
000001e4  P4MAP45_L                              
000001e6  P4MAP67                                
000001e7  P4MAP67_H                              
000001e6  P4MAP67_L                              
00000204  PADIR                                  
00000205  PADIR_H                                
00000204  PADIR_L                                
00000208  PADS                                   
00000209  PADS_H                                 
00000208  PADS_L                                 
0000021a  PAIE                                   
00000218  PAIES                                  
00000219  PAIES_H                                
00000218  PAIES_L                                
0000021b  PAIE_H                                 
0000021a  PAIE_L                                 
0000021c  PAIFG                                  
0000021d  PAIFG_H                                
0000021c  PAIFG_L                                
00000200  PAIN                                   
00000201  PAIN_H                                 
00000200  PAIN_L                                 
00000202  PAOUT                                  
00000203  PAOUT_H                                
00000202  PAOUT_L                                
00000206  PAREN                                  
00000207  PAREN_H                                
00000206  PAREN_L                                
0000020a  PASEL                                  
0000020b  PASEL_H                                
0000020a  PASEL_L                                
00000224  PBDIR                                  
00000225  PBDIR_H                                
00000224  PBDIR_L                                
00000228  PBDS                                   
00000229  PBDS_H                                 
00000228  PBDS_L                                 
00000220  PBIN                                   
00000221  PBIN_H                                 
00000220  PBIN_L                                 
00000222  PBOUT                                  
00000223  PBOUT_H                                
00000222  PBOUT_L                                
00000226  PBREN                                  
00000227  PBREN_H                                
00000226  PBREN_L                                
0000022a  PBSEL                                  
0000022b  PBSEL_H                                
0000022a  PBSEL_L                                
00000244  PCDIR                                  
00000245  PCDIR_H                                
00000244  PCDIR_L                                
00000248  PCDS                                   
00000249  PCDS_H                                 
00000248  PCDS_L                                 
00000240  PCIN                                   
00000241  PCIN_H                                 
00000240  PCIN_L                                 
00000242  PCOUT                                  
00000243  PCOUT_H                                
00000242  PCOUT_L                                
00000246  PCREN                                  
00000247  PCREN_H                                
00000246  PCREN_L                                
0000024a  PCSEL                                  
0000024b  PCSEL_H                                
0000024a  PCSEL_L                                
00000264  PDDIR                                  
00000265  PDDIR_H                                
00000264  PDDIR_L                                
00000268  PDDS                                   
00000269  PDDS_H                                 
00000268  PDDS_L                                 
00000260  PDIN                                   
00000261  PDIN_H                                 
00000260  PDIN_L                                 
00000262  PDOUT                                  
00000263  PDOUT_H                                
00000262  PDOUT_L                                
00000266  PDREN                                  
00000267  PDREN_H                                
00000266  PDREN_L                                
0000026a  PDSEL                                  
0000026b  PDSEL_H                                
0000026a  PDSEL_L                                
00000324  PJDIR                                  
00000325  PJDIR_H                                
00000324  PJDIR_L                                
00000328  PJDS                                   
00000329  PJDS_H                                 
00000328  PJDS_L                                 
00000320  PJIN                                   
00000321  PJIN_H                                 
00000320  PJIN_L                                 
00000322  PJOUT                                  
00000323  PJOUT_H                                
00000322  PJOUT_L                                
00000326  PJREN                                  
00000327  PJREN_H                                
00000326  PJREN_L                                
00000130  PM5CTL0                                
00000131  PM5CTL0_H                              
00000130  PM5CTL0_L                              
000001c2  PMAPCTL                                
000001c3  PMAPCTL_H                              
000001c2  PMAPCTL_L                              
000001c0  PMAPKEYID                              
000001c1  PMAPKEYID_H                            
000001c0  PMAPKEYID_L                            
00000120  PMMCTL0                                
00000121  PMMCTL0_H                              
00000120  PMMCTL0_L                              
00000122  PMMCTL1                                
00000123  PMMCTL1_H                              
00000122  PMMCTL1_L                              
0000012c  PMMIFG                                 
0000012d  PMMIFG_H                               
0000012c  PMMIFG_L                               
0000012e  PMMRIE                                 
0000012f  PMMRIE_H                               
0000012e  PMMRIE_L                               
00000158  RCCTL0                                 
00000159  RCCTL0_H                               
00000158  RCCTL0_L                               
000001b0  REFCTL0                                
000001b1  REFCTL0_H                              
000001b0  REFCTL0_L                              
000004e4  RES0                                   
000004e5  RES0_H                                 
000004e4  RES0_L                                 
000004e6  RES1                                   
000004e7  RES1_H                                 
000004e6  RES1_L                                 
000004e8  RES2                                   
000004e9  RES2_H                                 
000004e8  RES2_L                                 
000004ea  RES3                                   
000004eb  RES3_H                                 
000004ea  RES3_L                                 
000004cc  RESHI                                  
000004cd  RESHI_H                                
000004cc  RESHI_L                                
000004ca  RESLO                                  
000004cb  RESLO_H                                
000004ca  RESLO_L                                
000004ba  RTCADOWDAY                             
000004bb  RTCADOWDAY_H                           
000004ba  RTCADOWDAY_L                           
000004b8  RTCAMINHR                              
000004b9  RTCAMINHR_H                            
000004b8  RTCAMINHR_L                            
000004a0  RTCCTL01                               
000004a1  RTCCTL01_H                             
000004a0  RTCCTL01_L                             
000004a2  RTCCTL23                               
000004a3  RTCCTL23_H                             
000004a2  RTCCTL23_L                             
000004b4  RTCDATE                                
000004b5  RTCDATE_H                              
000004b4  RTCDATE_L                              
000004ae  RTCIV                                  
000004ac  RTCPS                                  
000004a8  RTCPS0CTL                              
000004a9  RTCPS0CTL_H                            
000004a8  RTCPS0CTL_L                            
000004aa  RTCPS1CTL                              
000004ab  RTCPS1CTL_H                            
000004aa  RTCPS1CTL_L                            
000004ad  RTCPS_H                                
000004ac  RTCPS_L                                
000004b0  RTCTIM0                                
000004b1  RTCTIM0_H                              
000004b0  RTCTIM0_L                              
000004b2  RTCTIM1                                
000004b3  RTCTIM1_H                              
000004b2  RTCTIM1_L                              
000004b6  RTCYEAR                                
000004b7  RTCYEAR_H                              
000004b6  RTCYEAR_L                              
00000100  SFRIE1                                 
00000101  SFRIE1_H                               
00000100  SFRIE1_L                               
00000102  SFRIFG1                                
00000103  SFRIFG1_H                              
00000102  SFRIFG1_L                              
00000104  SFRRPCR                                
00000105  SFRRPCR_H                              
00000104  SFRRPCR_L                              
000004ce  SUMEXT                                 
000004cf  SUMEXT_H                               
000004ce  SUMEXT_L                               
00000124  SVSMHCTL                               
00000125  SVSMHCTL_H                             
00000124  SVSMHCTL_L                             
00000128  SVSMIO                                 
00000129  SVSMIO_H                               
00000128  SVSMIO_L                               
00000126  SVSMLCTL                               
00000127  SVSMLCTL_H                             
00000126  SVSMLCTL_L                             
00000198  SYSBERRIV                              
00000199  SYSBERRIV_H                            
00000198  SYSBERRIV_L                            
00000182  SYSBSLC                                
00000183  SYSBSLC_H                              
00000182  SYSBSLC_L                              
00000180  SYSCTL                                 
00000181  SYSCTL_H                               
00000180  SYSCTL_L                               
00000186  SYSJMBC                                
00000187  SYSJMBC_H                              
00000186  SYSJMBC_L                              
00000188  SYSJMBI0                               
00000189  SYSJMBI0_H                             
00000188  SYSJMBI0_L                             
0000018a  SYSJMBI1                               
0000018b  SYSJMBI1_H                             
0000018a  SYSJMBI1_L                             
0000018c  SYSJMBO0                               
0000018d  SYSJMBO0_H                             
0000018c  SYSJMBO0_L                             
0000018e  SYSJMBO1                               
0000018f  SYSJMBO1_H                             
0000018e  SYSJMBO1_L                             
0000019e  SYSRSTIV                               
0000019f  SYSRSTIV_H                             
0000019e  SYSRSTIV_L                             
0000019c  SYSSNIV                                
0000019d  SYSSNIV_H                              
0000019c  SYSSNIV_L                              
0000019a  SYSUNIV                                
0000019b  SYSUNIV_H                              
0000019a  SYSUNIV_L                              
00000352  TA0CCR0                                
00000354  TA0CCR1                                
00000356  TA0CCR2                                
00000358  TA0CCR3                                
0000035a  TA0CCR4                                
00000342  TA0CCTL0                               
00000344  TA0CCTL1                               
00000346  TA0CCTL2                               
00000348  TA0CCTL3                               
0000034a  TA0CCTL4                               
00000340  TA0CTL                                 
00000360  TA0EX0                                 
0000036e  TA0IV                                  
00000350  TA0R                                   
00000392  TA1CCR0                                
00000394  TA1CCR1                                
00000396  TA1CCR2                                
00000382  TA1CCTL0                               
00000384  TA1CCTL1                               
00000386  TA1CCTL2                               
00000380  TA1CTL                                 
000003a0  TA1EX0                                 
000003ae  TA1IV                                  
00000390  TA1R                                   
00000412  TA2CCR0                                
00000414  TA2CCR1                                
00000416  TA2CCR2                                
00000402  TA2CCTL0                               
00000404  TA2CCTL1                               
00000406  TA2CCTL2                               
00000400  TA2CTL                                 
00000420  TA2EX0                                 
0000042e  TA2IV                                  
00000410  TA2R                                   
000003d2  TB0CCR0                                
000003d4  TB0CCR1                                
000003d6  TB0CCR2                                
000003d8  TB0CCR3                                
000003da  TB0CCR4                                
000003dc  TB0CCR5                                
000003de  TB0CCR6                                
000003c2  TB0CCTL0                               
000003c4  TB0CCTL1                               
000003c6  TB0CCTL2                               
000003c8  TB0CCTL3                               
000003ca  TB0CCTL4                               
000003cc  TB0CCTL5                               
000003ce  TB0CCTL6                               
000003c0  TB0CTL                                 
000003e0  TB0EX0                                 
000003ee  TB0IV                                  
000003d0  TB0R                                   
000005d0  UCA0ABCTL                              
000005c6  UCA0BRW                                
000005c7  UCA0BRW_H                              
000005c6  UCA0BRW_L                              
000005c0  UCA0CTLW0                              
000005c1  UCA0CTLW0_H                            
000005c0  UCA0CTLW0_L                            
000005dc  UCA0ICTL                               
000005dd  UCA0ICTL_H                             
000005dc  UCA0ICTL_L                             
000005d2  UCA0IRCTL                              
000005d3  UCA0IRCTL_H                            
000005d2  UCA0IRCTL_L                            
000005de  UCA0IV                                 
000005c8  UCA0MCTL                               
000005cc  UCA0RXBUF                              
000005ca  UCA0STAT                               
000005ce  UCA0TXBUF                              
00000610  UCA1ABCTL                              
00000606  UCA1BRW                                
00000607  UCA1BRW_H                              
00000606  UCA1BRW_L                              
00000600  UCA1CTLW0                              
00000601  UCA1CTLW0_H                            
00000600  UCA1CTLW0_L                            
0000061c  UCA1ICTL                               
0000061d  UCA1ICTL_H                             
0000061c  UCA1ICTL_L                             
00000612  UCA1IRCTL                              
00000613  UCA1IRCTL_H                            
00000612  UCA1IRCTL_L                            
0000061e  UCA1IV                                 
00000608  UCA1MCTL                               
0000060c  UCA1RXBUF                              
0000060a  UCA1STAT                               
0000060e  UCA1TXBUF                              
000005e6  UCB0BRW                                
000005e7  UCB0BRW_H                              
000005e6  UCB0BRW_L                              
000005e0  UCB0CTLW0                              
000005e1  UCB0CTLW0_H                            
000005e0  UCB0CTLW0_L                            
000005f0  UCB0I2COA                              
000005f1  UCB0I2COA_H                            
000005f0  UCB0I2COA_L                            
000005f2  UCB0I2CSA                              
000005f3  UCB0I2CSA_H                            
000005f2  UCB0I2CSA_L                            
000005fc  UCB0ICTL                               
000005fd  UCB0ICTL_H                             
000005fc  UCB0ICTL_L                             
000005fe  UCB0IV                                 
000005ec  UCB0RXBUF                              
000005ea  UCB0STAT                               
000005ee  UCB0TXBUF                              
00000626  UCB1BRW                                
00000627  UCB1BRW_H                              
00000626  UCB1BRW_L                              
00000620  UCB1CTLW0                              
00000621  UCB1CTLW0_H                            
00000620  UCB1CTLW0_L                            
00000630  UCB1I2COA                              
00000631  UCB1I2COA_H                            
00000630  UCB1I2COA_L                            
00000632  UCB1I2CSA                              
00000633  UCB1I2CSA_H                            
00000632  UCB1I2CSA_L                            
0000063c  UCB1ICTL                               
0000063d  UCB1ICTL_H                             
0000063c  UCB1ICTL_L                             
0000063e  UCB1IV                                 
0000062c  UCB1RXBUF                              
0000062a  UCB1STAT                               
0000062e  UCB1TXBUF                              
00000160  UCSCTL0                                
00000161  UCSCTL0_H                              
00000160  UCSCTL0_L                              
00000162  UCSCTL1                                
00000163  UCSCTL1_H                              
00000162  UCSCTL1_L                              
00000164  UCSCTL2                                
00000165  UCSCTL2_H                              
00000164  UCSCTL2_L                              
00000166  UCSCTL3                                
00000167  UCSCTL3_H                              
00000166  UCSCTL3_L                              
00000168  UCSCTL4                                
00000169  UCSCTL4_H                              
00000168  UCSCTL4_L                              
0000016a  UCSCTL5                                
0000016b  UCSCTL5_H                              
0000016a  UCSCTL5_L                              
0000016c  UCSCTL6                                
0000016d  UCSCTL6_H                              
0000016c  UCSCTL6_L                              
0000016e  UCSCTL7                                
0000016f  UCSCTL7_H                              
0000016e  UCSCTL7_L                              
00000170  UCSCTL8                                
00000171  UCSCTL8_H                              
00000170  UCSCTL8_L                              
00000902  USBCNF                                 
00000903  USBCNF_H                               
00000902  USBCNF_L                               
0000093c  USBCTL                                 
0000093a  USBFN                                  
0000093b  USBFN_H                                
0000093a  USBFN_L                                
0000093f  USBFUNADR                              
0000093d  USBIE                                  
00002378  USBIEP0BUF                             
000023c9  USBIEPBBAX_1                           
000023d1  USBIEPBBAX_2                           
000023d9  USBIEPBBAX_3                           
000023e1  USBIEPBBAX_4                           
000023e9  USBIEPBBAX_5                           
000023f1  USBIEPBBAX_6                           
000023f9  USBIEPBBAX_7                           
000023cd  USBIEPBBAY_1                           
000023d5  USBIEPBBAY_2                           
000023dd  USBIEPBBAY_3                           
000023e5  USBIEPBBAY_4                           
000023ed  USBIEPBBAY_5                           
000023f5  USBIEPBBAY_6                           
000023fd  USBIEPBBAY_7                           
000023ca  USBIEPBCTX_1                           
000023d2  USBIEPBCTX_2                           
000023da  USBIEPBCTX_3                           
000023e2  USBIEPBCTX_4                           
000023ea  USBIEPBCTX_5                           
000023f2  USBIEPBCTX_6                           
000023fa  USBIEPBCTX_7                           
000023ce  USBIEPBCTY_1                           
000023d6  USBIEPBCTY_2                           
000023de  USBIEPBCTY_3                           
000023e6  USBIEPBCTY_4                           
000023ee  USBIEPBCTY_5                           
000023f6  USBIEPBCTY_6                           
000023fe  USBIEPBCTY_7                           
00000920  USBIEPCNF_0                            
000023c8  USBIEPCNF_1                            
000023d0  USBIEPCNF_2                            
000023d8  USBIEPCNF_3                            
000023e0  USBIEPCNF_4                            
000023e8  USBIEPCNF_5                            
000023f0  USBIEPCNF_6                            
000023f8  USBIEPCNF_7                            
00000921  USBIEPCNT_0                            
0000092e  USBIEPIE                               
00000930  USBIEPIFG                              
000023cf  USBIEPSIZXY_1                          
000023d7  USBIEPSIZXY_2                          
000023df  USBIEPSIZXY_3                          
000023e7  USBIEPSIZXY_4                          
000023ef  USBIEPSIZXY_5                          
000023f7  USBIEPSIZXY_6                          
000023ff  USBIEPSIZXY_7                          
0000093e  USBIFG                                 
00000900  USBKEYID                               
00000901  USBKEYID_H                             
00000900  USBKEYID_L                             
00000936  USBMAINT                               
00000937  USBMAINT_H                             
00000936  USBMAINT_L                             
00002370  USBOEP0BUF                             
00002389  USBOEPBBAX_1                           
00002391  USBOEPBBAX_2                           
00002399  USBOEPBBAX_3                           
000023a1  USBOEPBBAX_4                           
000023a9  USBOEPBBAX_5                           
000023b1  USBOEPBBAX_6                           
000023b9  USBOEPBBAX_7                           
0000238d  USBOEPBBAY_1                           
00002395  USBOEPBBAY_2                           
0000239d  USBOEPBBAY_3                           
000023a5  USBOEPBBAY_4                           
000023ad  USBOEPBBAY_5                           
000023b5  USBOEPBBAY_6                           
000023bd  USBOEPBBAY_7                           
0000238a  USBOEPBCTX_1                           
00002392  USBOEPBCTX_2                           
0000239a  USBOEPBCTX_3                           
000023a2  USBOEPBCTX_4                           
000023aa  USBOEPBCTX_5                           
000023b2  USBOEPBCTX_6                           
000023ba  USBOEPBCTX_7                           
0000238e  USBOEPBCTY_1                           
00002396  USBOEPBCTY_2                           
0000239e  USBOEPBCTY_3                           
000023a6  USBOEPBCTY_4                           
000023ae  USBOEPBCTY_5                           
000023b6  USBOEPBCTY_6                           
000023be  USBOEPBCTY_7                           
00000922  USBOEPCNF_0                            
00002388  USBOEPCNF_1                            
00002390  USBOEPCNF_2                            
00002398  USBOEPCNF_3                            
000023a0  USBOEPCNF_4                            
000023a8  USBOEPCNF_5                            
000023b0  USBOEPCNF_6                            
000023b8  USBOEPCNF_7                            
00000923  USBOEPCNT_0                            
0000092f  USBOEPIE                               
00000931  USBOEPIFG                              
0000238f  USBOEPSIZXY_1                          
00002397  USBOEPSIZXY_2                          
0000239f  USBOEPSIZXY_3                          
000023a7  USBOEPSIZXY_4                          
000023af  USBOEPSIZXY_5                          
000023b7  USBOEPSIZXY_6                          
000023bf  USBOEPSIZXY_7                          
00000904  USBPHYCTL                              
00000905  USBPHYCTL_H                            
00000904  USBPHYCTL_L                            
00000910  USBPLLCTL                              
00000911  USBPLLCTL_H                            
00000910  USBPLLCTL_L                            
00000912  USBPLLDIVB                             
00000913  USBPLLDIVB_H                           
00000912  USBPLLDIVB_L                           
00000914  USBPLLIR                               
00000915  USBPLLIR_H                             
00000914  USBPLLIR_L                             
00000908  USBPWRCTL                              
00000909  USBPWRCTL_H                            
00000908  USBPWRCTL_L                            
00001c00  USBSTABUFF                             
00002380  USBSUBLK                               
0000236f  USBTOPBUFF                             
00000938  USBTSREG                               
00000939  USBTSREG_H                             
00000938  USBTSREG_L                             
00000932  USBVECINT                              
00000933  USBVECINT_H                            
00000932  USBVECINT_L                            
0000015c  WDTCTL                                 
0000015d  WDTCTL_H                               
0000015c  WDTCTL_L                               
00002fb8  _CIOBUF_                               
00004400  __STACK_END                            
00000bb8  __STACK_SIZE                           
00000bb8  __SYSMEM_SIZE                          
00008d66  __TI_CINIT_Base                        
00008d6e  __TI_CINIT_Limit                       
00008d6e  __TI_CINIT_Warm                        
00008d5c  __TI_Handler_Table_Base                
00008d62  __TI_Handler_Table_Limit               
00008d10  __TI_ISR_TRAP                          
000081e0  __TI_auto_init_nobinit_nopinit_hold_wdt
000086b2  __TI_cleanup                           
000031c6  __TI_cleanup_ptr                       
00007d76  __TI_closefile                         
00007c06  __TI_decompress_lzss                   
00008ac8  __TI_decompress_none                   
00008064  __TI_doflush                           
000031c8  __TI_dtors_ptr                         
000031d2  __TI_enable_exit_profile_output        
00004b36  __TI_frcdivd                           
00006a3a  __TI_frcmpyd                           
000031ce  __TI_ft_end                            
0000ffd2  __TI_int41                             
0000ffd4  __TI_int42                             
0000ffd6  __TI_int43                             
0000ffd8  __TI_int44                             
0000ffda  __TI_int45                             
0000ffdc  __TI_int46                             
0000ffde  __TI_int47                             
0000ffe0  __TI_int48                             
0000ffe2  __TI_int49                             
0000ffe4  __TI_int50                             
0000ffe6  __TI_int51                             
0000ffe8  __TI_int52                             
0000ffea  __TI_int53                             
0000ffec  __TI_int54                             
0000ffee  __TI_int55                             
0000fff0  __TI_int56                             
0000fff2  __TI_int57                             
0000fff4  __TI_int58                             
0000fff6  __TI_int59                             
0000fff8  __TI_int60                             
0000fffa  __TI_int61                             
0000fffc  __TI_int62                             
00007b82  __TI_ltoa                              
ffffffff  __TI_pprof_out_hndl                    
000055ce  __TI_printfi                           
ffffffff  __TI_prof_data_size                    
ffffffff  __TI_prof_data_start                   
000087a4  __TI_readmsg                           
000031d6  __TI_tmpnams                           
0000871a  __TI_writemsg                          
00007c82  __TI_wrt_ok                            
00008a64  __TI_zero_init_nomemset                
ffffffff  __c_args__                             
00004400  __mspabi_addd                          
00007348  __mspabi_cmpd                          
00005f5a  __mspabi_divd                          
000085ba  __mspabi_divli                         
00008a4e  __mspabi_divu                          
00008290  __mspabi_divul                         
00004fae  __mspabi_divull                        
000088a6  __mspabi_fixdi                         
00007de8  __mspabi_fixdli                        
00008b2c  __mspabi_fltid                         
0000789e  __mspabi_fltlid                        
00008b0a  __mspabi_func_epilog_1                 
00008b08  __mspabi_func_epilog_2                 
00008b06  __mspabi_func_epilog_3                 
00008b04  __mspabi_func_epilog_4                 
00008b02  __mspabi_func_epilog_5                 
00008b00  __mspabi_func_epilog_6                 
00008afe  __mspabi_func_epilog_7                 
0000530e  __mspabi_mpyd                          
00008aa0  __mspabi_mpyi_f5hw                     
0000898a  __mspabi_mpyl_f5hw                     
00008126  __mspabi_mpyll_f5hw                    
0000887e  __mspabi_mpyull_f5hw                   
00008854  __mspabi_negd                          
000085ba  __mspabi_remli                         
00008a4e  __mspabi_remu                          
00008290  __mspabi_remul                         
000087fc  __mspabi_slli                          
00008824  __mspabi_slli_1                        
00008812  __mspabi_slli_10                       
00008810  __mspabi_slli_11                       
0000880e  __mspabi_slli_12                       
0000880c  __mspabi_slli_13                       
0000880a  __mspabi_slli_14                       
00008808  __mspabi_slli_15                       
00008822  __mspabi_slli_2                        
00008820  __mspabi_slli_3                        
0000881e  __mspabi_slli_4                        
0000881c  __mspabi_slli_5                        
0000881a  __mspabi_slli_6                        
00008818  __mspabi_slli_7                        
00008816  __mspabi_slli_8                        
00008814  __mspabi_slli_9                        
00008670  __mspabi_slll_1                        
0000864c  __mspabi_slll_10                       
00008648  __mspabi_slll_11                       
00008644  __mspabi_slll_12                       
00008640  __mspabi_slll_13                       
0000863c  __mspabi_slll_14                       
00008638  __mspabi_slll_15                       
0000866c  __mspabi_slll_2                        
00008668  __mspabi_slll_3                        
00008664  __mspabi_slll_4                        
00008660  __mspabi_slll_5                        
0000865c  __mspabi_slll_6                        
00008658  __mspabi_slll_7                        
00008654  __mspabi_slll_8                        
00008650  __mspabi_slll_9                        
000084f2  __mspabi_sllll                         
000087d0  __mspabi_srai                          
000087f8  __mspabi_srai_1                        
000087e6  __mspabi_srai_10                       
000087e4  __mspabi_srai_11                       
000087e2  __mspabi_srai_12                       
000087e0  __mspabi_srai_13                       
000087de  __mspabi_srai_14                       
000087dc  __mspabi_srai_15                       
000087f6  __mspabi_srai_2                        
000087f4  __mspabi_srai_3                        
000087f2  __mspabi_srai_4                        
000087f0  __mspabi_srai_5                        
000087ee  __mspabi_srai_6                        
000087ec  __mspabi_srai_7                        
000087ea  __mspabi_srai_8                        
000087e8  __mspabi_srai_9                        
00008632  __mspabi_sral_1                        
0000860e  __mspabi_sral_10                       
0000860a  __mspabi_sral_11                       
00008606  __mspabi_sral_12                       
00008602  __mspabi_sral_13                       
000085fe  __mspabi_sral_14                       
000085fa  __mspabi_sral_15                       
0000862e  __mspabi_sral_2                        
0000862a  __mspabi_sral_3                        
00008626  __mspabi_sral_4                        
00008622  __mspabi_sral_5                        
0000861e  __mspabi_sral_6                        
0000861a  __mspabi_sral_7                        
00008616  __mspabi_sral_8                        
00008612  __mspabi_sral_9                        
000083d4  __mspabi_srall                         
00008388  __mspabi_srli                          
000083ce  __mspabi_srli_1                        
000083aa  __mspabi_srli_10                       
000083a6  __mspabi_srli_11                       
000083a2  __mspabi_srli_12                       
0000839e  __mspabi_srli_13                       
0000839a  __mspabi_srli_14                       
00008396  __mspabi_srli_15                       
000083ca  __mspabi_srli_2                        
000083c6  __mspabi_srli_3                        
000083c2  __mspabi_srli_4                        
000083be  __mspabi_srli_5                        
000083ba  __mspabi_srli_6                        
000083b6  __mspabi_srli_7                        
000083b2  __mspabi_srli_8                        
000083ae  __mspabi_srli_9                        
00008ada  __mspabi_srll                          
000081d8  __mspabi_srll_1                        
000081a2  __mspabi_srll_10                       
0000819c  __mspabi_srll_11                       
00008196  __mspabi_srll_12                       
00008190  __mspabi_srll_13                       
0000818a  __mspabi_srll_14                       
00008184  __mspabi_srll_15                       
000081d2  __mspabi_srll_2                        
000081cc  __mspabi_srll_3                        
000081c6  __mspabi_srll_4                        
000081c0  __mspabi_srll_5                        
000081ba  __mspabi_srll_6                        
000081b4  __mspabi_srll_7                        
000081ae  __mspabi_srll_8                        
000081a8  __mspabi_srll_9                        
00008468  __mspabi_srlll                         
00008748  __mspabi_subd                          
000089c8  _c_int00_noargs                        
00008b6e  _ctypes_                               
00003150  _device                                
000030d8  _ftable                                
000031ca  _lock                                  
00008b6a  _nop                                   
0000fffe  _reset_vector                          
00003848  _stack                                 
0000319e  _stream                                
00002400  _sys_memory                            
00008b6c  _system_post_cinit                     
00008b66  _system_pre_init                       
000031cc  _unlock                                
00008b5c  abort                                  
00008b44  abs                                    
00007088  aligned_alloc                          
000082e8  atoi                                   
0000841e  close                                  
00008776  copysign                               
00008776  copysignl                              
0000768a  countLetters                           
000031d0  errno                                  
00008536  exit                                   
000086e6  finddevice                             
000079dc  fputc                                  
0000717e  fputs                                  
00007424  free                                   
00007742  frexp                                  
00007742  frexpl                                 
00007e5a  fseek                                  
00007e5a  fseeko                                 
00008238  getdevice                              
00008c70  input1                                 
00006bac  ldexp                                  
00006bac  ldexpl                                 
0000891e  lseek                                  
00008a00  main                                   
00008b4e  malloc                                 
00007088  memalign                               
00008968  memccpy                                
00008a78  memchr                                 
00008aec  memcpy                                 
00008a8c  memset                                 
00003276  parmbuf                                
000089aa  printOutput                            
00008676  printf                                 
000079dc  putc                                   
000088f6  remove                                 
00006bac  scalbn                                 
00006bac  scalbnl                                
000074f6  setvbuf                                
00008a1c  strchr                                 
00008a36  strcmp                                 
00008b0e  strcpy                                 
00003280  stringCharTotal                        
00008b1e  strlen                                 
00008828  strncpy                                
00008b38  toupper                                
000088f6  unlink                                 
00008ab4  wcslen                                 
[...]
000008c0  CBCTL0_L                               
000008c1  CBCTL0_H                               
000008c2  CBCTL1                                 
000008c2  CBCTL1_L                               
000008c3  CBCTL1_H                               
000008c4  CBCTL2                                 
000008c4  CBCTL2_L                               
000008c5  CBCTL2_H                               
000008c6  CBCTL3                                 
000008c6  CBCTL3_L                               
000008c7  CBCTL3_H                               
000008cc  CBINT                                  
000008cc  CBINT_L                                
000008cd  CBINT_H                                
000008ce  CBIV                                   
00000900  USBKEYID                               
00000900  USBKEYID_L                             
00000901  USBKEYID_H                             
00000902  USBCNF                                 
00000902  USBCNF_L                               
00000903  USBCNF_H                               
00000904  USBPHYCTL                              
00000904  USBPHYCTL_L                            
00000905  USBPHYCTL_H                            
00000908  USBPWRCTL                              
00000908  USBPWRCTL_L                            
00000909  USBPWRCTL_H                            
00000910  USBPLLCTL                              
00000910  USBPLLCTL_L                            
00000911  USBPLLCTL_H                            
00000912  USBPLLDIVB                             
00000912  USBPLLDIVB_L                           
00000913  USBPLLDIVB_H                           
00000914  USBPLLIR                               
00000914  USBPLLIR_L                             
00000915  USBPLLIR_H                             
00000920  USBIEPCNF_0                            
00000921  USBIEPCNT_0                            
00000922  USBOEPCNF_0                            
00000923  USBOEPCNT_0                            
0000092e  USBIEPIE                               
0000092f  USBOEPIE                               
00000930  USBIEPIFG                              
00000931  USBOEPIFG                              
00000932  USBVECINT                              
00000932  USBVECINT_L                            
00000933  USBVECINT_H                            
00000936  USBMAINT                               
00000936  USBMAINT_L                             
00000937  USBMAINT_H                             
00000938  USBTSREG                               
00000938  USBTSREG_L                             
00000939  USBTSREG_H                             
0000093a  USBFN                                  
0000093a  USBFN_L                                
0000093b  USBFN_H                                
0000093c  USBCTL                                 
0000093d  USBIE                                  
0000093e  USBIFG                                 
0000093f  USBFUNADR                              
00000bb8  __STACK_SIZE                           
00000bb8  __SYSMEM_SIZE                          
00001c00  USBSTABUFF                             
0000236f  USBTOPBUFF                             
00002370  USBOEP0BUF                             
00002378  USBIEP0BUF                             
00002380  USBSUBLK                               
00002388  USBOEPCNF_1                            
00002389  USBOEPBBAX_1                           
0000238a  USBOEPBCTX_1                           
0000238d  USBOEPBBAY_1                           
0000238e  USBOEPBCTY_1                           
0000238f  USBOEPSIZXY_1                          
00002390  USBOEPCNF_2                            
00002391  USBOEPBBAX_2                           
00002392  USBOEPBCTX_2                           
00002395  USBOEPBBAY_2                           
00002396  USBOEPBCTY_2                           
00002397  USBOEPSIZXY_2                          
00002398  USBOEPCNF_3                            
00002399  USBOEPBBAX_3                           
0000239a  USBOEPBCTX_3                           
0000239d  USBOEPBBAY_3                           
0000239e  USBOEPBCTY_3                           
0000239f  USBOEPSIZXY_3                          
000023a0  USBOEPCNF_4                            
000023a1  USBOEPBBAX_4                           
000023a2  USBOEPBCTX_4                           
000023a5  USBOEPBBAY_4                           
000023a6  USBOEPBCTY_4                           
000023a7  USBOEPSIZXY_4                          
000023a8  USBOEPCNF_5                            
000023a9  USBOEPBBAX_5                           
000023aa  USBOEPBCTX_5                           
000023ad  USBOEPBBAY_5                           
000023ae  USBOEPBCTY_5                           
000023af  USBOEPSIZXY_5                          
000023b0  USBOEPCNF_6                            
000023b1  USBOEPBBAX_6                           
000023b2  USBOEPBCTX_6                           
000023b5  USBOEPBBAY_6                           
000023b6  USBOEPBCTY_6                           
000023b7  USBOEPSIZXY_6                          
000023b8  USBOEPCNF_7                            
000023b9  USBOEPBBAX_7                           
000023ba  USBOEPBCTX_7                           
000023bd  USBOEPBBAY_7                           
000023be  USBOEPBCTY_7                           
000023bf  USBOEPSIZXY_7                          
000023c8  USBIEPCNF_1                            
000023c9  USBIEPBBAX_1                           
000023ca  USBIEPBCTX_1                           
000023cd  USBIEPBBAY_1                           
000023ce  USBIEPBCTY_1                           
000023cf  USBIEPSIZXY_1                          
000023d0  USBIEPCNF_2                            
000023d1  USBIEPBBAX_2                           
000023d2  USBIEPBCTX_2                           
000023d5  USBIEPBBAY_2                           
000023d6  USBIEPBCTY_2                           
000023d7  USBIEPSIZXY_2                          
000023d8  USBIEPCNF_3                            
000023d9  USBIEPBBAX_3                           
000023da  USBIEPBCTX_3                           
000023dd  USBIEPBBAY_3                           
000023de  USBIEPBCTY_3                           
000023df  USBIEPSIZXY_3                          
000023e0  USBIEPCNF_4                            
000023e1  USBIEPBBAX_4                           
000023e2  USBIEPBCTX_4                           
000023e5  USBIEPBBAY_4                           
000023e6  USBIEPBCTY_4                           
000023e7  USBIEPSIZXY_4                          
000023e8  USBIEPCNF_5                            
000023e9  USBIEPBBAX_5                           
000023ea  USBIEPBCTX_5                           
000023ed  USBIEPBBAY_5                           
000023ee  USBIEPBCTY_5                           
000023ef  USBIEPSIZXY_5                          
000023f0  USBIEPCNF_6                            
000023f1  USBIEPBBAX_6                           
000023f2  USBIEPBCTX_6                           
000023f5  USBIEPBBAY_6                           
000023f6  USBIEPBCTY_6                           
000023f7  USBIEPSIZXY_6                          
000023f8  USBIEPCNF_7                            
000023f9  USBIEPBBAX_7                           
000023fa  USBIEPBCTX_7                           
000023fd  USBIEPBBAY_7                           
000023fe  USBIEPBCTY_7                           
000023ff  USBIEPSIZXY_7                          
00002400  _sys_memory                            
00002fb8  _CIOBUF_                               
000030d8  _ftable                                
00003150  _device                                
0000319e  _stream                                
000031c6  __TI_cleanup_ptr                       
000031c8  __TI_dtors_ptr                         
000031ca  _lock                                  
000031cc  _unlock                                
000031ce  __TI_ft_end                            
000031d0  errno                                  
000031d2  __TI_enable_exit_profile_output        
000031d6  __TI_tmpnams                           
00003276  parmbuf                                
00003280  stringCharTotal                        
00003848  _stack                                 
00004400  __STACK_END                            
00004400  __mspabi_addd                          
00004b36  __TI_frcdivd                           
00004fae  __mspabi_divull                        
0000530e  __mspabi_mpyd                          
000055ce  __TI_printfi                           
00005f5a  __mspabi_divd                          
00006a3a  __TI_frcmpyd                           
00006bac  ldexp                                  
00006bac  ldexpl                                 
00006bac  scalbn                                 
00006bac  scalbnl                                
00007088  aligned_alloc                          
00007088  memalign                               
0000717e  fputs                                  
00007348  __mspabi_cmpd                          
00007424  free                                   
000074f6  setvbuf                                
0000768a  countLetters                           
00007742  frexp                                  
00007742  frexpl                                 
0000789e  __mspabi_fltlid                        
000079dc  fputc                                  
000079dc  putc                                   
00007afa  HOSTlseek                              
00007b82  __TI_ltoa                              
00007c06  __TI_decompress_lzss                   
00007c82  __TI_wrt_ok                            
00007d76  __TI_closefile                         
00007de8  __mspabi_fixdli                        
00007e5a  fseek                                  
00007e5a  fseeko                                 
00007eca  HOSTrename                             
00007f9c  HOSTopen                               
00008002  HOSTwrite                              
00008064  __TI_doflush                           
000080c6  HOSTread                               
00008126  __mspabi_mpyll_f5hw                    
00008184  __mspabi_srll_15                       
0000818a  __mspabi_srll_14                       
00008190  __mspabi_srll_13                       
00008196  __mspabi_srll_12                       
0000819c  __mspabi_srll_11                       
000081a2  __mspabi_srll_10                       
000081a8  __mspabi_srll_9                        
000081ae  __mspabi_srll_8                        
000081b4  __mspabi_srll_7                        
000081ba  __mspabi_srll_6                        
000081c0  __mspabi_srll_5                        
000081c6  __mspabi_srll_4                        
000081cc  __mspabi_srll_3                        
000081d2  __mspabi_srll_2                        
000081d8  __mspabi_srll_1                        
000081e0  __TI_auto_init_nobinit_nopinit_hold_wdt
00008238  getdevice                              
00008290  __mspabi_divul                         
00008290  __mspabi_remul                         
000082e8  atoi                                   
00008388  __mspabi_srli                          
00008396  __mspabi_srli_15                       
0000839a  __mspabi_srli_14                       
0000839e  __mspabi_srli_13                       
000083a2  __mspabi_srli_12                       
000083a6  __mspabi_srli_11                       
000083aa  __mspabi_srli_10                       
000083ae  __mspabi_srli_9                        
000083b2  __mspabi_srli_8                        
000083b6  __mspabi_srli_7                        
000083ba  __mspabi_srli_6                        
000083be  __mspabi_srli_5                        
000083c2  __mspabi_srli_4                        
000083c6  __mspabi_srli_3                        
000083ca  __mspabi_srli_2                        
000083ce  __mspabi_srli_1                        
000083d4  __mspabi_srall                         
0000841e  close                                  
00008468  __mspabi_srlll                         
000084ae  HOSTclose                              
000084f2  __mspabi_sllll                         
00008536  exit                                   
0000857a  HOSTunlink                             
000085ba  __mspabi_divli                         
000085ba  __mspabi_remli                         
000085fa  __mspabi_sral_15                       
000085fe  __mspabi_sral_14                       
00008602  __mspabi_sral_13                       
00008606  __mspabi_sral_12                       
0000860a  __mspabi_sral_11                       
0000860e  __mspabi_sral_10                       
00008612  __mspabi_sral_9                        
00008616  __mspabi_sral_8                        
0000861a  __mspabi_sral_7                        
0000861e  __mspabi_sral_6                        
00008622  __mspabi_sral_5                        
00008626  __mspabi_sral_4                        
0000862a  __mspabi_sral_3                        
0000862e  __mspabi_sral_2                        
00008632  __mspabi_sral_1                        
00008638  __mspabi_slll_15                       
0000863c  __mspabi_slll_14                       
00008640  __mspabi_slll_13                       
00008644  __mspabi_slll_12                       
00008648  __mspabi_slll_11                       
0000864c  __mspabi_slll_10                       
00008650  __mspabi_slll_9                        
00008654  __mspabi_slll_8                        
00008658  __mspabi_slll_7                        
0000865c  __mspabi_slll_6                        
00008660  __mspabi_slll_5                        
00008664  __mspabi_slll_4                        
00008668  __mspabi_slll_3                        
0000866c  __mspabi_slll_2                        
00008670  __mspabi_slll_1                        
00008676  printf                                 
000086b2  __TI_cleanup                           
000086e6  finddevice                             
0000871a  __TI_writemsg                          
00008744  C$$IO$$                                
00008748  __mspabi_subd                          
00008776  copysign                               
00008776  copysignl                              
000087a4  __TI_readmsg                           
000087d0  __mspabi_srai                          
000087dc  __mspabi_srai_15                       
000087de  __mspabi_srai_14                       
000087e0  __mspabi_srai_13                       
000087e2  __mspabi_srai_12                       
000087e4  __mspabi_srai_11                       
000087e6  __mspabi_srai_10                       
000087e8  __mspabi_srai_9                        
000087ea  __mspabi_srai_8                        
000087ec  __mspabi_srai_7                        
000087ee  __mspabi_srai_6                        
000087f0  __mspabi_srai_5                        
000087f2  __mspabi_srai_4                        
000087f4  __mspabi_srai_3                        
000087f6  __mspabi_srai_2                        
000087f8  __mspabi_srai_1                        
000087fc  __mspabi_slli                          
00008808  __mspabi_slli_15                       
0000880a  __mspabi_slli_14                       
0000880c  __mspabi_slli_13                       
0000880e  __mspabi_slli_12                       
00008810  __mspabi_slli_11                       
00008812  __mspabi_slli_10                       
00008814  __mspabi_slli_9                        
00008816  __mspabi_slli_8                        
00008818  __mspabi_slli_7                        
0000881a  __mspabi_slli_6                        
0000881c  __mspabi_slli_5                        
0000881e  __mspabi_slli_4                        
00008820  __mspabi_slli_3                        
00008822  __mspabi_slli_2                        
00008824  __mspabi_slli_1                        
00008828  strncpy                                
00008854  __mspabi_negd                          
0000887e  __mspabi_mpyull_f5hw                   
000088a6  __mspabi_fixdi                         
000088f6  remove                                 
000088f6  unlink                                 
0000891e  lseek                                  
00008944  write                                  
00008968  memccpy                                
0000898a  __mspabi_mpyl_f5hw                     
000089aa  printOutput                            
000089c8  _c_int00_noargs                        
00008a00  main                                   
00008a1c  strchr                                 
00008a36  strcmp                                 
00008a4e  __mspabi_divu                          
00008a4e  __mspabi_remu                          
00008a64  __TI_zero_init_nomemset                
00008a78  memchr                                 
00008a8c  memset                                 
00008aa0  __mspabi_mpyi_f5hw                     
00008ab4  wcslen                                 
00008ac8  __TI_decompress_none                   
00008ada  __mspabi_srll                          
00008aec  memcpy                                 
00008afe  __mspabi_func_epilog_7                 
00008b00  __mspabi_func_epilog_6                 
00008b02  __mspabi_func_epilog_5                 
00008b04  __mspabi_func_epilog_4                 
00008b06  __mspabi_func_epilog_3                 
00008b08  __mspabi_func_epilog_2                 
00008b0a  __mspabi_func_epilog_1                 
00008b0e  strcpy                                 
00008b1e  strlen                                 
00008b2c  __mspabi_fltid                         
00008b38  toupper                                
00008b44  abs                                    
00008b4e  malloc                                 
00008b5c  C$$EXIT                                
00008b5c  abort                                  
00008b66  _system_pre_init                       
00008b6a  _nop                                   
00008b6c  _system_post_cinit                     
00008b6e  _ctypes_                               
00008c70  input1                                 
00008d10  __TI_ISR_TRAP                          
00008d5c  __TI_Handler_Table_Base                
00008d62  __TI_Handler_Table_Limit               
00008d66  __TI_CINIT_Base                        
00008d6e  __TI_CINIT_Limit                       
00008d6e  __TI_CINIT_Warm                        
0000ffd2  __TI_int41                             
0000ffd4  __TI_int42                             
0000ffd6  __TI_int43                             
0000ffd8  __TI_int44                             
0000ffda  __TI_int45                             
0000ffdc  __TI_int46                             
0000ffde  __TI_int47                             
0000ffe0  __TI_int48                             
0000ffe2  __TI_int49                             
0000ffe4  __TI_int50                             
0000ffe6  __TI_int51                             
0000ffe8  __TI_int52                             
0000ffea  __TI_int53                             
0000ffec  __TI_int54                             
0000ffee  __TI_int55                             
0000fff0  __TI_int56                             
0000fff2  __TI_int57                             
0000fff4  __TI_int58                             
0000fff6  __TI_int59                             
0000fff8  __TI_int60                             
0000fffa  __TI_int61                             
0000fffc  __TI_int62                             
0000fffe  _reset_vector                          
ffffffff  __TI_pprof_out_hndl                    
ffffffff  __TI_prof_data_size                    
ffffffff  __TI_prof_data_start                   
ffffffff  __c_args__                             

[980 symbols]
